
 Start         Length     Name                   Class
 0001:00000000 000B03B4H .text                   CODE
 0002:00000000 00007DB0H .data                   DATA
 0002:00007DB0 00004819H .bss                    BSS


Detailed map of segments

 0001:00000000 000058A7 C=CODE     S=.text    G=(none)   M=System   ACBP=A9
 0001:000058A8 00000140 C=CODE     S=.text    G=(none)   M=SysInit  ACBP=A9
 0001:000059E8 00000078 C=CODE     S=.text    G=(none)   M=Types    ACBP=A9
 0001:00005A60 00001020 C=CODE     S=.text    G=(none)   M=Windows  ACBP=A9
 0001:00006A80 00001E63 C=CODE     S=.text    G=(none)   M=ELeaks   ACBP=A9
 0001:000088E4 00000338 C=CODE     S=.text    G=(none)   M=SysConst ACBP=A9
 0001:00008C1C 000072C0 C=CODE     S=.text    G=(none)   M=SysUtils ACBP=A9
 0001:0000FEDC 00000038 C=CODE     S=.text    G=(none)   M=Messages ACBP=A9
 0001:0000FF14 000007FB C=CODE     S=.text    G=(none)   M=VarUtils ACBP=A9
 0001:00010710 00002A42 C=CODE     S=.text    G=(none)   M=Variants ACBP=A9
 0001:00013154 00000130 C=CODE     S=.text    G=(none)   M=RTLConsts ACBP=A9
 0001:00013284 00000B2C C=CODE     S=.text    G=(none)   M=TypInfo  ACBP=A9
 0001:00013DB0 00000038 C=CODE     S=.text    G=(none)   M=ActiveX  ACBP=A9
 0001:00013DE8 0000A102 C=CODE     S=.text    G=(none)   M=Classes  ACBP=A9
 0001:0001DEEC 00000038 C=CODE     S=.text    G=(none)   M=ETypes   ACBP=A9
 0001:0001DF24 00002944 C=CODE     S=.text    G=(none)   M=EConsts  ACBP=A9
 0001:00020868 000046DC C=CODE     S=.text    G=(none)   M=ECore    ACBP=A9
 0001:00024F44 0000470C C=CODE     S=.text    G=(none)   M=EDebug   ACBP=A9
 0001:00029650 00000040 C=CODE     S=.text    G=(none)   M=ShellAPI ACBP=A9
 0001:00029690 0000053C C=CODE     S=.text    G=(none)   M=EWinSock ACBP=A9
 0001:00029BCC 000014FC C=CODE     S=.text    G=(none)   M=EHook    ACBP=A9
 0001:0002B0C8 000000E8 C=CODE     S=.text    G=(none)   M=ELang    ACBP=A9
 0001:0002B1B0 00001740 C=CODE     S=.text    G=(none)   M=ESockets ACBP=A9
 0001:0002C8F0 00007BE4 C=CODE     S=.text    G=(none)   M=EZlib2   ACBP=A9
 0001:000344D4 00000AFC C=CODE     S=.text    G=(none)   M=EHash    ACBP=A9
 0001:00034FD0 00000354 C=CODE     S=.text    G=(none)   M=EEncrypt ACBP=A9
 0001:00035324 00000358 C=CODE     S=.text    G=(none)   M=EBase64  ACBP=A9
 0001:0003567C 00000154 C=CODE     S=.text    G=(none)   M=EZip     ACBP=A9
 0001:000357D0 00007C48 C=CODE     S=.text    G=(none)   M=EWebTools ACBP=A9
 0001:0003D418 000005A8 C=CODE     S=.text    G=(none)   M=EXMLBuilder ACBP=A9
 0001:0003D9C0 00004354 C=CODE     S=.text    G=(none)   M=ELogManager ACBP=A9
 0001:00041D14 00001320 C=CODE     S=.text    G=(none)   M=EListView ACBP=A9
 0001:00043034 000073F8 C=CODE     S=.text    G=(none)   M=EDisAsm  ACBP=A9
 0001:0004A42C 000291D8 C=CODE     S=.text    G=(none)   M=ExceptionLog ACBP=A9
 0001:00073604 000002A0 C=CODE     S=.text    G=(none)   M=Consts   ACBP=A9
 0001:000738A4 00007377 C=CODE     S=.text    G=(none)   M=Graphics ACBP=A9
 0001:0007AC1C 00000048 C=CODE     S=.text    G=(none)   M=Math     ACBP=A9
 0001:0007AC64 000002B8 C=CODE     S=.text    G=(none)   M=Contnrs  ACBP=A9
 0001:0007AF1C 000000F4 C=CODE     S=.text    G=(none)   M=CommCtrl ACBP=A9
 0001:0007B010 00000787 C=CODE     S=.text    G=(none)   M=MultiMon ACBP=A9
 0001:0007B798 00000038 C=CODE     S=.text    G=(none)   M=Imm      ACBP=A9
 0001:0007B7D0 00000FF8 C=CODE     S=.text    G=(none)   M=HelpIntfs ACBP=A9
 0001:0007C7C8 00000038 C=CODE     S=.text    G=(none)   M=WinSpool ACBP=A9
 0001:0007C800 00000044 C=CODE     S=.text    G=(none)   M=Printers ACBP=A9
 0001:0007C844 0000031F C=CODE     S=.text    G=(none)   M=FlatSB   ACBP=A9
 0001:0007CB64 000001A4 C=CODE     S=.text    G=(none)   M=SyncObjs ACBP=A9
 0001:0007CD08 000009BB C=CODE     S=.text    G=(none)   M=UxTheme  ACBP=A9
 0001:0007D6C4 00000038 C=CODE     S=.text    G=(none)   M=RichEdit ACBP=A9
 0001:0007D6FC 00000038 C=CODE     S=.text    G=(none)   M=ToolWin  ACBP=A9
 0001:0007D734 00000038 C=CODE     S=.text    G=(none)   M=RegStr   ACBP=A9
 0001:0007D76C 00000038 C=CODE     S=.text    G=(none)   M=WinInet  ACBP=A9
 0001:0007D7A4 00000038 C=CODE     S=.text    G=(none)   M=UrlMon   ACBP=A9
 0001:0007D7DC 00000038 C=CODE     S=.text    G=(none)   M=ShlObj   ACBP=A9
 0001:0007D814 00000038 C=CODE     S=.text    G=(none)   M=CommDlg  ACBP=A9
 0001:0007D84C 00000038 C=CODE     S=.text    G=(none)   M=Dlgs     ACBP=A9
 0001:0007D884 0000066D C=CODE     S=.text    G=(none)   M=Dialogs  ACBP=A9
 0001:0007DEF4 00000652 C=CODE     S=.text    G=(none)   M=ExtCtrls ACBP=A9
 0001:0007E548 00000038 C=CODE     S=.text    G=(none)   M=ComStrs  ACBP=A9
 0001:0007E580 00000094 C=CODE     S=.text    G=(none)   M=Clipbrd  ACBP=A9
 0001:0007E614 00000038 C=CODE     S=.text    G=(none)   M=StrUtils ACBP=A9
 0001:0007E64C 000000F5 C=CODE     S=.text    G=(none)   M=Buttons  ACBP=A9
 0001:0007E744 00000038 C=CODE     S=.text    G=(none)   M=ExtDlgs  ACBP=A9
 0001:0007E77C 00000068 C=CODE     S=.text    G=(none)   M=IniFiles ACBP=A9
 0001:0007E7E4 00000068 C=CODE     S=.text    G=(none)   M=Registry ACBP=A9
 0001:0007E84C 0000006C C=CODE     S=.text    G=(none)   M=Mapi     ACBP=A9
 0001:0007E8B8 00000058 C=CODE     S=.text    G=(none)   M=ExtActns ACBP=A9
 0001:0007E910 00000038 C=CODE     S=.text    G=(none)   M=ListActns ACBP=A9
 0001:0007E948 00000180 C=CODE     S=.text    G=(none)   M=ComCtrls ACBP=A9
 0001:0007EAC8 00000A0C C=CODE     S=.text    G=(none)   M=Themes   ACBP=A9
 0001:0007F4D4 000081F0 C=CODE     S=.text    G=(none)   M=StdCtrls ACBP=A9
 0001:000876C4 00000168 C=CODE     S=.text    G=(none)   M=StdActns ACBP=A9
 0001:0008782C 00000D1F C=CODE     S=.text    G=(none)   M=WinHelpViewer ACBP=A9
 0001:0008854C 00010CDF C=CODE     S=.text    G=(none)   M=Controls ACBP=A9
 0001:0009922C 00001292 C=CODE     S=.text    G=(none)   M=ActnList ACBP=A9
 0001:0009A4C0 000016E4 C=CODE     S=.text    G=(none)   M=ImgList  ACBP=A9
 0001:0009BBA4 00006639 C=CODE     S=.text    G=(none)   M=Menus    ACBP=A9
 0001:000A21E0 0000C410 C=CODE     S=.text    G=(none)   M=Forms    ACBP=A9
 0001:000AE5F0 00001504 C=CODE     S=.text    G=(none)   M=DosCommand ACBP=A9
 0001:000AFAF4 000005C8 C=CODE     S=.text    G=(none)   M=doscpro  ACBP=A9
 0001:000B00BC 000002F5 C=CODE     S=.text    G=(none)   M=Project1 ACBP=A9
 0002:00000000 000000A4 C=DATA     S=.data    G=DGROUP   M=System   ACBP=A9
 0002:000000A4 00000020 C=DATA     S=.data    G=DGROUP   M=SysInit  ACBP=A9
 0002:000000C4 00000014 C=DATA     S=.data    G=DGROUP   M=ELeaks   ACBP=A9
 0002:000000D8 00000254 C=DATA     S=.data    G=DGROUP   M=SysUtils ACBP=A9
 0002:0000032C 00000008 C=DATA     S=.data    G=DGROUP   M=VarUtils ACBP=A9
 0002:00000334 0000008E C=DATA     S=.data    G=DGROUP   M=Variants ACBP=A9
 0002:000003C4 0000000C C=DATA     S=.data    G=DGROUP   M=TypInfo  ACBP=A9
 0002:000003D0 00000080 C=DATA     S=.data    G=DGROUP   M=Classes  ACBP=A9
 0002:00000450 00000908 C=DATA     S=.data    G=DGROUP   M=EConsts  ACBP=A9
 0002:00000D58 00000044 C=DATA     S=.data    G=DGROUP   M=ECore    ACBP=A9
 0002:00000D9C 0000004C C=DATA     S=.data    G=DGROUP   M=EDebug   ACBP=A9
 0002:00000DE8 00000001 C=DATA     S=.data    G=DGROUP   M=EWinSock ACBP=A9
 0002:00000DEC 000001A0 C=DATA     S=.data    G=DGROUP   M=EHook    ACBP=A9
 0002:00000F8C 00000001 C=DATA     S=.data    G=DGROUP   M=ESockets ACBP=A9
 0002:00000F90 00000E5C C=DATA     S=.data    G=DGROUP   M=EZlib2   ACBP=A9
 0002:00001DEC 00000212 C=DATA     S=.data    G=DGROUP   M=EHash    ACBP=A9
 0002:00002000 00000144 C=DATA     S=.data    G=DGROUP   M=EBase64  ACBP=A9
 0002:00002144 000034B0 C=DATA     S=.data    G=DGROUP   M=EWebTools ACBP=A9
 0002:000055F4 00000020 C=DATA     S=.data    G=DGROUP   M=EXMLBuilder ACBP=A9
 0002:00005614 00000024 C=DATA     S=.data    G=DGROUP   M=ELogManager ACBP=A9
 0002:00005638 000012D5 C=DATA     S=.data    G=DGROUP   M=EDisAsm  ACBP=A9
 0002:00006910 000005E0 C=DATA     S=.data    G=DGROUP   M=ExceptionLog ACBP=A9
 0002:00006EF0 00000304 C=DATA     S=.data    G=DGROUP   M=Graphics ACBP=A9
 0002:000071F4 00000004 C=DATA     S=.data    G=DGROUP   M=Printers ACBP=A9
 0002:000071F8 00000074 C=DATA     S=.data    G=DGROUP   M=Dialogs  ACBP=A9
 0002:0000726C 00000178 C=DATA     S=.data    G=DGROUP   M=ExtCtrls ACBP=A9
 0002:000073E4 0000002C C=DATA     S=.data    G=DGROUP   M=Buttons  ACBP=A9
 0002:00007410 00000008 C=DATA     S=.data    G=DGROUP   M=IniFiles ACBP=A9
 0002:00007418 00000008 C=DATA     S=.data    G=DGROUP   M=Registry ACBP=A9
 0002:00007420 00000008 C=DATA     S=.data    G=DGROUP   M=Mapi     ACBP=A9
 0002:00007428 00000018 C=DATA     S=.data    G=DGROUP   M=ComCtrls ACBP=A9
 0002:00007440 00000068 C=DATA     S=.data    G=DGROUP   M=Themes   ACBP=A9
 0002:000074A8 000000F0 C=DATA     S=.data    G=DGROUP   M=StdCtrls ACBP=A9
 0002:00007598 0000013C C=DATA     S=.data    G=DGROUP   M=Controls ACBP=A9
 0002:000076D4 00000020 C=DATA     S=.data    G=DGROUP   M=ImgList  ACBP=A9
 0002:000076F4 000000EC C=DATA     S=.data    G=DGROUP   M=Menus    ACBP=A9
 0002:000077E0 0000011C C=DATA     S=.data    G=DGROUP   M=Forms    ACBP=A9
 0002:000078FC 00000058 C=DATA     S=.data    G=DGROUP   M=DosCommand ACBP=A9
 0002:00008000 00000664 C=BSS      S=.bss     G=DGROUP   M=System   ACBP=A9
 0002:00008664 00000010 C=BSS      S=.bss     G=DGROUP   M=SysInit  ACBP=A9
 0002:00008674 00000004 C=BSS      S=.bss     G=DGROUP   M=Types    ACBP=A9
 0002:00008678 00000004 C=BSS      S=.bss     G=DGROUP   M=Windows  ACBP=A9
 0002:0000867C 00000054 C=BSS      S=.bss     G=DGROUP   M=ELeaks   ACBP=A9
 0002:000086D0 00000004 C=BSS      S=.bss     G=DGROUP   M=SysConst ACBP=A9
 0002:000086D4 00000120 C=BSS      S=.bss     G=DGROUP   M=SysUtils ACBP=A9
 0002:000087F4 00000004 C=BSS      S=.bss     G=DGROUP   M=Messages ACBP=A9
 0002:000087F8 0000005C C=BSS      S=.bss     G=DGROUP   M=VarUtils ACBP=A9
 0002:00008854 00000040 C=BSS      S=.bss     G=DGROUP   M=Variants ACBP=A9
 0002:00008894 00000004 C=BSS      S=.bss     G=DGROUP   M=RTLConsts ACBP=A9
 0002:00008898 00000004 C=BSS      S=.bss     G=DGROUP   M=TypInfo  ACBP=A9
 0002:0000889C 00000004 C=BSS      S=.bss     G=DGROUP   M=ActiveX  ACBP=A9
 0002:000088A0 00000044 C=BSS      S=.bss     G=DGROUP   M=Classes  ACBP=A9
 0002:000088E4 00000004 C=BSS      S=.bss     G=DGROUP   M=ETypes   ACBP=A9
 0002:000088E8 00000004 C=BSS      S=.bss     G=DGROUP   M=EConsts  ACBP=A9
 0002:000088EC 00000009 C=BSS      S=.bss     G=DGROUP   M=ECore    ACBP=A9
 0002:000088F8 00000004 C=BSS      S=.bss     G=DGROUP   M=EDebug   ACBP=A9
 0002:000088FC 00000004 C=BSS      S=.bss     G=DGROUP   M=ShellAPI ACBP=A9
 0002:00008900 00000010 C=BSS      S=.bss     G=DGROUP   M=EWinSock ACBP=A9
 0002:00008910 00000010 C=BSS      S=.bss     G=DGROUP   M=EHook    ACBP=A9
 0002:00008920 00000004 C=BSS      S=.bss     G=DGROUP   M=ELang    ACBP=A9
 0002:00008924 00000004 C=BSS      S=.bss     G=DGROUP   M=ESockets ACBP=A9
 0002:00008928 00002894 C=BSS      S=.bss     G=DGROUP   M=EZlib2   ACBP=A9
 0002:0000B1BC 00000404 C=BSS      S=.bss     G=DGROUP   M=EHash    ACBP=A9
 0002:0000B5C0 0000001C C=BSS      S=.bss     G=DGROUP   M=EEncrypt ACBP=A9
 0002:0000B5DC 00000004 C=BSS      S=.bss     G=DGROUP   M=EBase64  ACBP=A9
 0002:0000B5E0 00000004 C=BSS      S=.bss     G=DGROUP   M=EZip     ACBP=A9
 0002:0000B5E4 00000048 C=BSS      S=.bss     G=DGROUP   M=EWebTools ACBP=A9
 0002:0000B62C 00000004 C=BSS      S=.bss     G=DGROUP   M=EXMLBuilder ACBP=A9
 0002:0000B630 00000004 C=BSS      S=.bss     G=DGROUP   M=ELogManager ACBP=A9
 0002:0000B634 00000004 C=BSS      S=.bss     G=DGROUP   M=EListView ACBP=A9
 0002:0000B638 00000004 C=BSS      S=.bss     G=DGROUP   M=EDisAsm  ACBP=A9
 0002:0000B63C 00000E84 C=BSS      S=.bss     G=DGROUP   M=ExceptionLog ACBP=A9
 0002:0000C4C0 00000004 C=BSS      S=.bss     G=DGROUP   M=Consts   ACBP=A9
 0002:0000C4C4 00000060 C=BSS      S=.bss     G=DGROUP   M=Graphics ACBP=A9
 0002:0000C524 00000004 C=BSS      S=.bss     G=DGROUP   M=Math     ACBP=A9
 0002:0000C528 00000004 C=BSS      S=.bss     G=DGROUP   M=Contnrs  ACBP=A9
 0002:0000C52C 00000004 C=BSS      S=.bss     G=DGROUP   M=CommCtrl ACBP=A9
 0002:0000C530 00000031 C=BSS      S=.bss     G=DGROUP   M=MultiMon ACBP=A9
 0002:0000C564 00000004 C=BSS      S=.bss     G=DGROUP   M=Imm      ACBP=A9
 0002:0000C568 00000008 C=BSS      S=.bss     G=DGROUP   M=HelpIntfs ACBP=A9
 0002:0000C570 00000004 C=BSS      S=.bss     G=DGROUP   M=WinSpool ACBP=A9
 0002:0000C574 00000004 C=BSS      S=.bss     G=DGROUP   M=Printers ACBP=A9
 0002:0000C578 00000034 C=BSS      S=.bss     G=DGROUP   M=FlatSB   ACBP=A9
 0002:0000C5AC 00000004 C=BSS      S=.bss     G=DGROUP   M=SyncObjs ACBP=A9
 0002:0000C5B0 000000CC C=BSS      S=.bss     G=DGROUP   M=UxTheme  ACBP=A9
 0002:0000C67C 00000004 C=BSS      S=.bss     G=DGROUP   M=RichEdit ACBP=A9
 0002:0000C680 00000004 C=BSS      S=.bss     G=DGROUP   M=ToolWin  ACBP=A9
 0002:0000C684 00000004 C=BSS      S=.bss     G=DGROUP   M=RegStr   ACBP=A9
 0002:0000C688 00000004 C=BSS      S=.bss     G=DGROUP   M=WinInet  ACBP=A9
 0002:0000C68C 00000004 C=BSS      S=.bss     G=DGROUP   M=UrlMon   ACBP=A9
 0002:0000C690 00000004 C=BSS      S=.bss     G=DGROUP   M=ShlObj   ACBP=A9
 0002:0000C694 00000004 C=BSS      S=.bss     G=DGROUP   M=CommDlg  ACBP=A9
 0002:0000C698 00000004 C=BSS      S=.bss     G=DGROUP   M=Dlgs     ACBP=A9
 0002:0000C69C 0000000C C=BSS      S=.bss     G=DGROUP   M=Dialogs  ACBP=A9
 0002:0000C6A8 00000004 C=BSS      S=.bss     G=DGROUP   M=ExtCtrls ACBP=A9
 0002:0000C6AC 00000004 C=BSS      S=.bss     G=DGROUP   M=ComStrs  ACBP=A9
 0002:0000C6B0 0000000C C=BSS      S=.bss     G=DGROUP   M=Clipbrd  ACBP=A9
 0002:0000C6BC 00000004 C=BSS      S=.bss     G=DGROUP   M=StrUtils ACBP=A9
 0002:0000C6C0 00000030 C=BSS      S=.bss     G=DGROUP   M=Buttons  ACBP=A9
 0002:0000C6F0 00000004 C=BSS      S=.bss     G=DGROUP   M=ExtDlgs  ACBP=A9
 0002:0000C6F4 00000004 C=BSS      S=.bss     G=DGROUP   M=IniFiles ACBP=A9
 0002:0000C6F8 00000004 C=BSS      S=.bss     G=DGROUP   M=Registry ACBP=A9
 0002:0000C6FC 00000004 C=BSS      S=.bss     G=DGROUP   M=Mapi     ACBP=A9
 0002:0000C700 00000009 C=BSS      S=.bss     G=DGROUP   M=ExtActns ACBP=A9
 0002:0000C70C 00000004 C=BSS      S=.bss     G=DGROUP   M=ListActns ACBP=A9
 0002:0000C710 00000010 C=BSS      S=.bss     G=DGROUP   M=ComCtrls ACBP=A9
 0002:0000C720 00000008 C=BSS      S=.bss     G=DGROUP   M=Themes   ACBP=A9
 0002:0000C728 00000004 C=BSS      S=.bss     G=DGROUP   M=StdCtrls ACBP=A9
 0002:0000C72C 00000004 C=BSS      S=.bss     G=DGROUP   M=StdActns ACBP=A9
 0002:0000C730 00000014 C=BSS      S=.bss     G=DGROUP   M=WinHelpViewer ACBP=A9
 0002:0000C744 00000080 C=BSS      S=.bss     G=DGROUP   M=Controls ACBP=A9
 0002:0000C7C4 00000004 C=BSS      S=.bss     G=DGROUP   M=ActnList ACBP=A9
 0002:0000C7C8 0000000C C=BSS      S=.bss     G=DGROUP   M=ImgList  ACBP=A9
 0002:0000C7D4 00000010 C=BSS      S=.bss     G=DGROUP   M=Menus    ACBP=A9
 0002:0000C7E4 00000020 C=BSS      S=.bss     G=DGROUP   M=Forms    ACBP=A9
 0002:0000C804 00000004 C=BSS      S=.bss     G=DGROUP   M=DosCommand ACBP=A9
 0002:0000C808 00000010 C=BSS      S=.bss     G=DGROUP   M=doscpro  ACBP=A9


  Address         Publics by Name

 0002:00001094       ..
 0002:00000FB8       ..
 0001:0002E71C       ..
 0002:00001014       ..
 0002:00008930       ..
 0001:0002EB28       ..
 0001:00032658       ..
 0002:00001028       ..
 0002:00001380       ..
 0002:00001254       ..
 0002:00001020       ..
 0001:0002EBF0       ..
 0002:0000A930       ..
 0002:00001040       ..
 0002:000010E4       ..
 0001:0002D208       ..
 0002:000088F8       .03
 0002:00008694       .1
 0002:0000C6BC       .1
 0002:00008910       .1
 0002:0000C564       .1
 0002:000087F4       .1
 0002:0000C738       .1
 0002:0000C4C0       .1
 0002:00008674       .1
 0002:000088E4       .1
 0002:00008920       .1
 0002:0000C598       .1
 0002:0000B1BC       .1
 0002:0000866C       .1
 0002:0000C66C       .1
 0002:0000C67C       .1
 0002:0000C550       .1
 0002:0000C684       .1
 0002:0000C688       .1
 0002:0000C52C       .1
 0002:0000C68C       .1
 0002:0000C690       .1
 0002:0000C694       .1
 0002:0000C698       .1
 0002:000086D0       .1
 0002:0000B5C0       .1
 0002:0000C6AC       .1
 0002:000088FC       .1
 0002:00008894       .1
 0002:0000B5DC       .1
 0002:0000C6FC       .1
 0002:0000C69C       .11
 0002:0000C6A8       .12
 0002:0000C4C8       .12
 0002:00008928       .2
 0002:0000C568       .2
 0002:0000B638       .2
 0002:0000B634       .2
 0002:0000C720       .2
 0002:0000C814       .2
 0002:0000C6B4       .2
 0002:0000C524       .2
 0002:0000C528       .21
 0002:0000B660       .21
 0002:0000C7C8       .3
 0002:00008678       .3
 0002:0000C6F0       .3
 0002:0000C570       .3
 0002:0000B62C       .3
 0002:00008924       .3
 0002:0000B630       .3
 0002:0000889C       .3
 0002:0000B5E0       .3
 0002:0000C574       .3
 0002:000087E4       .35
 0002:0000C710       .36
 0002:00008900       .4
 0002:000088F0       .4
 0002:0000C680       .4
 0002:0000C6C0       .4
 0002:0000C7EC       .41
 0002:0000C728       .42
 0002:000088AC       .45
 0002:000088E8       .5
 0002:000085BC       .5
 0002:00008850       .5
 0002:0000C6F8       .5
 0002:00008898       .6
 0002:0000C804       .6
 0002:0000C5AC       .6
 0002:0000B5E4       .7
 0002:0000C74C       .72
 0002:0000C700       .72
 0002:0000C72C       .73
 0002:0000C7C4       .8
 0002:0000C6F4       .8
 0002:0000C70C       .8
 0002:00008874       .81
 0002:0000C7DC       .9
 0001:00001C6C       @AbstractError
 0001:00004370       @AddRefArray
 0001:00004328       @AddRefRecord
 0001:00002C08       @AfterConstruction
 0001:00002A54       @AsClass
 0001:000036A0       @Assert
 0001:000020D8       @AStrCmp
 0001:00002C18       @BeforeDestruction
 0001:00002AA0       @CallDynaInst
 0001:000052E4       @CheckAutoResult
 0001:00002BB0       @ClassCreate
 0001:00002C00       @ClassDestroy
 0001:00001FA4       @Close
 0001:00001904       @Copy
 0001:00004564       @CopyArray
 0001:00004448       @CopyRecord
 0001:0002F59C       @deflateInit2_
 0001:0000467C       @DispCallByIDError
 0001:000111B0       @DispInvokeError
 0001:0000466C       @Dispose
 0001:00003158       @DoneExcept
 0001:00004B80       @DynArrayAddRef
 0001:00004B58       @DynArrayAsg
 0001:00004B1C       @DynArrayClear
 0001:0000495C       @DynArrayHigh
 0001:00004954       @DynArrayLength
 0001:00004B10       @DynArraySetLength
 0001:00003240       @ExceptionHandler
 0001:00002148       @FillChar
 0001:0002E7E8       @fill_fopen_filefunc
 0001:0000431C       @Finalize
 0001:00004230       @FinalizeArray
 0001:000041E4       @FinalizeRecord
 0001:00001F98       @Flush
 0001:000027E0       @FpuInit
 0001:0000271C       @FpuMaskInit
 0001:0000173C       @FreeMem
 0001:0000171C       @GetMem
 0001:00005920       @GetTls
 0001:0002ED20       @get_crc_table
 0001:00003688       @Halt
 0001:000035B0       @Halt0
 0001:00002D2C       @HandleAnyException
 0001:00003018       @HandleAutoException
 0001:00002FE0       @HandleFinally
 0001:00002E58       @HandleOnException
 0001:00030C90       @inflateInit2_
 0001:000306D8       @inflate_fast
 0001:000321E8       @inflate_table
 0001:0000596C       @InitExe
 0001:000041D8       @Initialize
 0001:00004144       @InitializeArray
 0001:00004114       @InitializeRecord
 0001:00003474       @InitImports
 0001:0000344C       @InitResStringImports
 0001:00003428       @InitResStrings
 0001:000019C0       @Insert
 0001:00005248       @IntfAddRef
 0001:00005218       @IntfCast
 0001:000051D4       @IntfClear
 0001:000051EC       @IntfCopy
 0001:00002A30       @IsClass
 0001:000026EC       @isNECWindows
 0001:00001948       @LGetDir
 0001:00003C10       @LStrAddRef
 0001:00003768       @LStrArrayClr
 0001:00003798       @LStrAsg
 0001:00003A28       @LStrCat
 0001:00003A6C       @LStrCat3
 0001:00003AE0       @LStrCatN
 0001:00003744       @LStrClr
 0001:00003B6C       @LStrCmp
 0001:00003C80       @LStrCopy
 0001:00003CC0       @LStrDelete
 0001:000039B4       @LStrFromArray
 0001:0000392C       @LStrFromChar
 0001:0000393C       @LStrFromPChar
 0001:00003834       @LStrFromPCharLen
 0001:0000396C       @LStrFromPWChar
 0001:000038A0       @LStrFromPWCharLen
 0001:000039A8       @LStrFromString
 0001:000039CC       @LStrFromWArray
 0001:000039E8       @LStrFromWStr
 0001:00003D08       @LStrInsert
 0001:000037DC       @LStrLAsg
 0001:00003A20       @LStrLen
 0001:00003D64       @LStrPos
 0001:00003DAC       @LStrSetLength
 0001:00003C20       @LStrToPChar
 0001:000039FC       @LStrToString
 0001:00004658       @New
 0001:00003808       @NewAnsiString
 0001:00003E40       @NewWideString
 0001:00001BD4       @Pos
 0001:00002400       @Pow10
 0001:00002054       @PStrCmp
 0001:0000202C       @PStrCpy
 0001:00001FFC       @PStrNCat
 0001:00002038       @PStrNCpy
 0001:00003104       @RaiseAgain
 0001:000030DC       @RaiseExcept
 0001:00002168       @RandInt
 0001:0000175C       @ReallocMem
 0001:00001CE0       @RewritText
 0001:00001C3C       @ROUND
 0001:00003694       @RunError
 0001:000023E4       @SetEq
 0001:00001C14       @SetLength
 0001:000033E8       @StartExe
 0001:000002F4       @strlen
 0001:00001C48       @TRUNC
 0001:00003188       @TryFinallyExit
 0001:00003C78       @UniqueStringA
 0001:00004724       @ValInt64
 0001:00002184       @ValLong
 0001:000128A8       @VarAddRef
 0001:00004358       @VarAddRef
 0001:0001149C       @VarClear
 0001:000114B0       @VarClr
 0001:00004218       @VarClr
 0001:00004430       @VarCopy
 0001:000117C4       @VarCopy
 0001:000127E0       @VarFromBool
 0001:00012830       @VarFromCurr
 0001:00012778       @VarFromInt
 0001:000127B4       @VarFromInt64
 0001:00012844       @VarFromLStr
 0001:00012808       @VarFromReal
 0001:0001281C       @VarFromTDateTime
 0001:00012870       @VarFromWStr
 0001:00011204       @VarNull
 0001:00011AF0       @VarToLStr
 0001:00012218       @VarToWStr
 0001:00003E10       @Write0LString
 0001:0000229C       @WriteBytes
 0001:0000236C       @WriteLn
 0001:00003E18       @WriteLString
 0001:000022F0       @WriteSpaces
 0001:000040F4       @WStrAddRef
 0001:00003E80       @WStrArrayClr
 0001:00003EA4       @WStrAsg
 0001:00003E68       @WStrClr
 0001:00003FE0       @WStrCmp
 0001:00004064       @WStrCopy
 0001:00003FB4       @WStrFromLStr
 0001:00003EC8       @WStrFromPCharLen
 0001:00003F78       @WStrFromPWChar
 0001:00003F54       @WStrFromPWCharLen
 0001:00003FD4       @WStrLen
 0001:000040B0       @WStrSetLength
 0001:00003FC4       @WStrToPWChar
 0001:000023C0       @_CLenToPasStr
 0001:000023B4       @_CToPasStr
 0001:000018D4       @_IOTest
 0001:000046A8       @_llmod
 0001:00004684       @_llmul
 0001:00033858       @_tr_align
 0001:00033B24       @_tr_flush_block
 0001:0003265C       @_tr_init
 0001:0003379C       @_tr_stored_block
 0001:0000DEA8       Abort
 0002:0000B791       AbortOperation
 0001:0008B218       AbsMin
 0001:0000E22C       AbstractErrorHandler
 0002:0000802C       AbstractErrorProc
 0002:0000015C       AccessMode
 0001:00065758       AccessViolationModuleInLongFormat
 0001:00001824       AcquireExceptionObject
 0001:0005C304       ActicatePage
 0001:000161C8       ActivateClassGroup
 0002:0000B7D8       ActivateEurekaLog
 0001:000061EC       ActivateKeyboardLayout
 0002:0000C780       ActiveDrag
 0001:00013DE0       ActiveX
 0001:0009A494       ActnList
 0001:00037140       AddAuthenticationToURL
 0001:00000428       AddBlockAfter
 0001:0006BF24       AddCallerCallStack
 0001:0006024C       AddColor
 0001:00057DAC       AddCustomHeadersToLog
 0001:00057C50       AddCustomHeaderToLog
 0002:000003D0       AddDataModule
 0001:0002BFD8       AddDNS
 0001:000098E0       AddExitProc
 0001:00019604       AddFinished
 0001:0009D7D8       AddIn
 0002:00008690       AddLeak
 0001:0005696C       AddModule
 0001:00056868       AddModuleFromFileName
 0001:00005068       AddModuleUnloadProc
 0001:00005078       AddModuleUnloadProc
 0001:0005061C       AddNewProcess
 0001:000509E4       AddNewProcessEx
 0001:0001963C       AddNotFinished
 0001:0002A194       AddrSize
 0001:00064A60       AddStr
 0001:0001A060       AddSubComponentsToLoaded
 0001:0001C474       AddThread
 0001:00056A0C       AddToStack
 0001:0003F1A0       AddValueField
 0001:0002D020       AddZipFile
 0001:00076FC0       AdjustColor
 0001:0005C254       AdjustDialog
 0001:000596EC       AdjustFlatStyle
 0001:00009B84       AdjustLineBreaks
 0001:000A47F0       Adjustment
 0001:000061F4       AdjustWindowRectEx
 0001:0002E820       adler32
 0001:00052458       Advance
 0001:00060E1C       AfterScreenshot
 0001:00060B40       AfterScreenshotToStream
 0002:000077B8       Alignments
 0002:000074B0       Alignments
 0002:00007588       Alignments
 0002:000074F0       Alignments
 0002:000077C8       Alignments
 0001:00090884       AlignWork
 0001:000AB6E8       AlignWork
 0002:000086AC       AllocatedList_End
 0002:000086A4       AllocatedList_Lock
 0002:000086A8       AllocatedList_Start
 0001:0001DCCC       AllocateHWnd
 0001:00009894       AllocMem
 0002:000085B4       AllocMemCount
 0002:000085B8       AllocMemSize
 0001:0007AA14       AllocPatternBitmap
 0001:000058C8       AllocTlsBuffer
 0002:000055D4       AlphaNumerics
 0002:000075A4       AnchorAlign
 0002:00007598       AnimateWindowProc
 0002:000076A0       AnimationStyle
 0001:0000EB6C       AnsiCompareFileName
 0001:00009A8C       AnsiCompareStr
 0001:00009AC4       AnsiCompareText
 0001:0000A3D0       AnsiLastChar
 0001:000061FC       AnsiLower
 0001:00009A58       AnsiLowerCase
 0001:0000EBEC       AnsiLowerCaseFileName
 0001:0000EB34       AnsiPos
 0001:000A1FEC       AnsiSameCaption
 0001:00009AFC       AnsiSameText
 0001:00009B14       AnsiStrLIComp
 0001:0000EC78       AnsiStrPos
 0001:0000ED18       AnsiStrRScan
 0001:0000ED40       AnsiStrScan
 0001:00005664       AnsiToUtf8
 0001:0000C1B8       AppendChars
 0001:0000C57C       AppendFormat
 0001:0000C21C       AppendNumber
 0001:0000C1FC       AppendString
 0002:0000C7E4       Application
 0002:000003E0       ApplicationHandleException
 0001:0005717C       ApplicationRestore
 0002:000003E8       ApplicationShowException
 0002:000078F4       AppVisible
 0001:000074DC       AreTheSameLeak
 0001:0005577C       ASMAssigned
 0002:00000E8C       AsmConst
 0001:00065528       ASPDotNetWebSiteFile
 0001:0005AC88       AssemblerDialogProc
 0001:0004BF54       AssemblerToRTF
 0001:0000E210       AssertErrorHandler
 0002:00008024       AssertErrorProc
 0001:00013678       AssignLongStr
 0001:0005E734       AssignOnCloseData
 0001:0005866C       AssignPriority
 0001:000294E8       AssignValidDebugInfo
 0001:00013BDC       AssignVariant
 0001:00061CC4       AttachedFile
 0001:00061F5C       AttachedFiles
 0002:0000B654       AttachedFilesRequest
 0001:00067BA0       AttrToString
 0002:0000B7DC       AutoCloseTimer
 0001:00057B24       AutoCloseTimerProc
 0002:0000860C       avail
 0001:0000A8B8       BackfillGetDiskFreeSpaceEx
 0001:0008DDAC       BackgroundClipped
 0001:000101A4       BackupVarBoolFromStr
 0001:00010304       BackupVarBStrFromBool
 0001:00010224       BackupVarBStrFromCy
 0001:00010294       BackupVarBStrFromDate
 0001:00010138       BackupVarCyFromStr
 0001:000100CC       BackupVarDateFromStr
 0001:0000FF88       BackupVarI4FromStr
 0001:0000FF34       BackupVariantChangeTypeEx
 0001:0000FFF4       BackupVarR4FromStr
 0001:00010060       BackupVarR8FromStr
 0001:000354AC       Base64Decode
 0001:000355A8       Base64DecodeStr
 0001:0003560C       Base64DecodeString
 0001:00035390       Base64Encode
 0001:00061870       Base64EncodeFromFile
 0001:00035560       Base64EncodeStr
 0001:00035604       Base64EncodeString
 0001:00035614       Base64EncodeToString
 0002:00002040       Base64Filler
 0001:0000E804       Beep
 0001:00016520       BeginGlobalLoading
 0001:00006204       BeginPaint
 0001:000036F8       BeginThread
 0001:00076FCC       BetterSize
 0001:0009E64C       BiDiDraw
 0001:000230D4       BinToStr
 0001:00005FE4       BitBlt
 0002:000073E4       BitBtnCaptions
 0002:0000C6C4       BitBtnGlyphs
 0002:000071A8       BitmapCanvasList
 0002:0000C4E0       BitmapImageLock
 0001:0000FF70       BiUnimplemented
 0002:00000424       BlockCode
 0002:000085E4       blockDescBlockList
 0002:000085E8       blockDescFreeList
 0001:000645F0       BlockingSendInternetMessage
 0002:000000C8       BlockOverFoot
 0002:000000C4       BlockOverHead
 0002:000003C4       BooleanIdents
 0002:00000340       BooleanToStringRule
 0001:0000A0E4       BoolToStr
 0001:00011878       BoolToWStrViaOS
 0002:000074A8       BorderStyles
 0001:000154E0       Bounds
 0001:00005A0C       Bounds
 0002:00007760       Breaks
 0002:0000C518       BrushManager
 0001:000A0E00       BuildImage
 0001:00050C78       BuildListPS
 0001:00050B40       BuildListTH
 0002:00007240       ButtonCaptions
 0002:00007214       ButtonNames
 0001:0007E71C       Buttons
 0002:000077DC       Buttons
 0002:00007580       ButtonStyles
 0002:000068F8       ByteRegs1
 0002:000068FC       ByteRegs2
 0001:000603B4       BytesPerScanline
 0001:000767AC       BytesPerScanline
 0001:0005FDF8       BytesSwap
 0001:00076B04       ByteSwapColors
 0001:0000E8E8       ByteToCharIndex
 0001:0000E8C0       ByteToCharLen
 0001:0000E884       ByteType
 0001:0000E80C       ByteTypeTest
 0002:0000C7CC       CachedComCtrlVer
 0002:0000B9D4       Cached_LogFile
 0001:0006FC64       CalcAddr
 0001:0005FE28       CalcCRC
 0001:00035350       CalcDecodedSize
 0001:00053984       CalcDuplicatedException
 0001:00035324       CalcEncodedSize
 0001:0001DC08       CalcJmpOffset
 0001:00098500       CalcSplitterPos
 0001:0002A4EC       CalculateRelocatedAsmSize
 0001:00054998       CallAttachedFilesRequest
 0001:00054A08       CallAttachedFilesRequestEvents
 0001:00054B3C       CallCustomButtonClickEvent
 0001:00054BA8       CallCustomButtonClickEvents
 0001:000548C8       CallCustomDataRequest
 0001:00054938       CallCustomDataRequestEvents
 0001:00054A6C       CallCustomWebFieldsRequest
 0001:00054ADC       CallCustomWebFieldsRequestEvents
 0001:00006B34       CallerOfReallocMem
 0001:000545CC       CallExceptionActionNotify
 0001:0006849C       CallExceptionActionNotify_atSavedLogFile
 0001:00068478       CallExceptionActionNotify_atSavingLogFile
 0001:000633E4       CallExceptionActionNotify_atSendingEmail
 0001:0006342C       CallExceptionActionNotify_atSendingWebMessage
 0001:00063408       CallExceptionActionNotify_atSentEmail
 0001:00063450       CallExceptionActionNotify_atSentWebMessage
 0001:00068818       CallExceptionActionNotify_atShowedExceptionInfo
 0001:000687F4       CallExceptionActionNotify_atShowingExceptionInfo
 0001:0005F718       CallExceptionActionNotify_atTerminating
 0001:00054740       CallExceptionErrorNotify
 0001:000684C0       CallExceptionErrorNotify_atSavedLogFile
 0001:00063474       CallExceptionErrorNotify_atSentEmail
 0001:00063498       CallExceptionErrorNotify_atSentWebMessage
 0001:000543D4       CallExceptionNotify
 0001:00054440       CallExceptionNotifyEvents
 0002:00006918       CallForGetLogText
 0002:00006914       CallFromCOMObject
 0001:000544A4       CallHandledExceptionNotify
 0001:00054510       CallHandledExceptionNotifyEvents
 0001:00054944       CallModuleEvent_AttachedFilesRequest
 0001:00054AE8       CallModuleEvent_CustomButtonClickNotify
 0001:00054874       CallModuleEvent_CustomDataRequest
 0001:00054A14       CallModuleEvent_CustomWebFieldsRequest
 0001:0005451C       CallModuleEvent_ExceptionActionNotify
 0001:00054694       CallModuleEvent_ExceptionErrorNotify
 0001:00054384       CallModuleEvent_ExceptionNotify
 0001:0005444C       CallModuleEvent_HandledExceptionNotify
 0001:00054BB4       CallModuleEvent_PasswordRequest
 0001:0000620C       CallNextHookEx
 0001:00054808       CallPasswordRequest
 0001:00056DFC       CallStackByAddresses
 0001:0005B1A0       CallStackDialogProc
 0001:0000F40C       CallTerminateProcs
 0001:00006214       CallWindowProc
 0001:0006883C       CallWriteIntraWebText
 0001:0006E7E4       Call_HookedExceptionObject
 0001:0006E548       Call_HookedRaise
 0001:0006E810       Call_HookedRtlUnwind
 0001:0005F980       CalsCoordinates
 0002:0000B792       CanAttachScreenshot
 0002:0000B78D       CanAttachScreenshot_Show
 0001:0008C250       CancelDrag
 0002:0000B793       CanCopy
 0002:0000B78E       CanCopy_Show
 0001:00055560       CanExit
 0002:0000B755       CanHookLibraries
 0002:00006E3C       CannotProcessMessagesExceptions
 0002:00006E88       CannotShowDialog
 0002:0000B958       CannotUseThread
 0001:0006BF98       CanPauseThisThread
 0002:0000B78C       CanSendError_Show
 0002:0000B790       CanSendMessage
 0001:0006FB14       CanShowHandledExceptionEx
 0002:0000B78F       CanSupport_Show
 0002:0000C794       CanvasList
 0002:0000C51C       CanvasList
 0002:0000BA04       CaptionFontName
 0002:00007200       Captions
 0002:0000BC40       CAPTION_HEIGHT
 0002:0000765C       CaptureControl
 0002:00002000       cBase64Codec
 0002:00002044       cBase64Codec
 0002:00007700       cBooleanToItemAutoFlag
 0001:0005912C       CenterOnActiveWndMonitor
 0001:00057AA8       CenterWindow
 0002:0000C6B2       CF_COMPONENT
 0002:0000C6B0       CF_PICTURE
 0002:0000B710       CGIHandleException
 0002:0000B6BC       CGIOutputFile
 0002:0000886C       ChangeAnyProc
 0001:0008A7D0       ChangeBiDiModeAlignment
 0001:0000A450       ChangeFileExt
 0001:00071E8C       ChangeFinalizationOrder
 0001:0005E6A8       ChangeLogUserEmail
 0002:000074D0       CharCases
 0002:00007534       CharCases
 0001:00003864       CharFromWChar
 0001:0000EABC       CharLength
 0001:0000621C       CharLowerBuff
 0001:00006224       CharNext
 0001:00000254       CharNext
 0002:00005618       chars
 0001:0007503C       CharsetToIdent
 0001:0000E9D0       CharToByteIndex
 0001:0000EA34       CharToByteLen
 0001:0000622C       CharToOemA
 0001:0007757C       CheckBool
 0001:000727B8       CheckCrc32
 0001:00022190       CheckDirectoryExists
 0001:000370AC       CheckError
 0001:0002AAC8       CheckFail
 0001:00071B58       CheckForMemoryLeaks
 0001:00052300       CheckForResult
 0001:00021F68       CheckIntoIDE
 0001:00002CA8       CheckJmp
 0001:0002C9CC       CheckLibrary
 0001:0004AF9C       CheckMagicCode
 0001:00006234       CheckMenuItem
 0001:0000721C       CheckOurPointer
 0002:00007750       Checks
 0001:0001A09C       CheckSubComponents
 0001:0001C48C       CheckSynchronize
 0001:000A4224       CheckTaskWindow
 0001:0008BF04       CheckUndock
 0001:0000E6F8       CheckWin32Version
 0002:00000344       CInvalidCustomVariantType
 0002:00007704       cItemAutoFlagToBoolean
 0002:000076FC       cItemAutoFlagToMenu
 0001:0001DE58       Classes
 0001:00015F8C       ClassNotFound
 0002:00008868       ClearAnyProc
 0001:000748CC       ClearColor
 0001:0004EEA0       ClearInternalError
 0001:00012BE4       ClearVariantTypeList
 0002:0000BBA9       ClickLinkActive
 0001:00042620       ClickOnSign
 0001:0000623C       ClientToScreen
 0001:00095AE8       ClientToWindow
 0002:000071A0       ClipboardFormats
 0001:0007E5BC       Clipbrd
 0001:0004D37C       CloneObject
 0001:00006244       CloseClipboard
 0001:000001F4       CloseHandle
 0001:00005B94       CloseHandle
 0001:00053968       CloseLogFile
 0001:00061BE8       CloseSendDialog
 0001:0002991C       closesocket
 0002:0000C5B4       CloseThemeData
 0001:0002D1E0       CloseZipFile
 0002:0000B718       CLXHandleException
 0002:0000B71C       CLXShowException
 0002:00008040       CmdLine
 0002:0000C80C       cmdselected
 0002:0000C810       cmdselected2
 0002:0000803C       CmdShow
 0002:000076F8       cMenuAutoFlagToItem
 0001:0000FF7C       CmpUnimplemented
 0002:00006EB0       ColIdx
 0002:00006F20       Colors
 0001:00074E34       ColorToIdent
 0002:0000726C       ColorToPretyName
 0001:00074E24       ColorToRGB
 0002:0000BBDC       ColWidths
 0001:00005FEC       CombineRgn
 0002:00007520       ComboBoxStyles
 0002:0000C71C       ComCtlVersion
 0001:0007EAC0       ComCtrls
 0002:0000C7E0       CommandPool
 0001:0007B008       CommCtrl
 0001:0007D844       CommDlg
 0001:00000708       Commit
 0002:00008628       committedRoot
 0001:00060A84       CommonSaveToStream
 0001:00055A4C       CompareEurekaFunctions
 0001:0009CDBC       CompareFront
 0001:000099C0       CompareMem
 0001:000500E8       CompareModulesFunctions
 0001:00050474       CompareProcessesFunctions
 0001:00009990       CompareStr
 0001:00005B9C       CompareString
 0001:000099E0       CompareText
 0001:0000A00C       CompareWith
 0001:0006697C       CompleteIP
 0001:00038F2C       CompleteNumber
 0001:0004B53C       CompleteStr
 0001:0003E3BC       CompleteStr
 0001:00067BFC       CompleteString
 0001:00020B04       CompleteVersion
 0001:0001A17C       ComponentCreated
 0001:000345DC       Compress
 0001:0002EBDC       compressBound
 0001:00024B78       ComputerName
 0001:0004CE38       ComputerName
 0001:0007E578       ComStrs
 0001:00029948       connect
 0001:0007389C       Consts
 0001:0007AF14       Contnrs
 0002:0000C752       ControlAtom
 0002:0000C758       ControlAtomString
 0001:000A8FB8       ControlHasHelp
 0001:0009919C       Controls
 0001:0000DC48       ConvertAddr
 0001:00021838       ConvertAddress
 0001:00006E1C       ConvertAddress
 0001:0000C30C       ConvertEraString
 0001:00009858       ConvertError
 0001:00009870       ConvertErrorFmt
 0001:0003DAE8       ConvertNotDosText
 0001:00035B0C       ConvertSpecialHTMLChars
 0001:0000C474       ConvertYearString
 0001:00004964       CopyArray
 0001:00078054       CopyBitmap
 0001:0007871C       CopyBitmapAsMask
 0001:000067BC       CopyMemory
 0001:000786B8       CopyPalette
 0001:0000624C       CopyRect
 0002:00007444       Copyright
 0001:00054EA8       CopyStrings
 0001:0009FEAC       CopyToBest
 0001:00007B44       CountAllLeaks
 0001:0000E940       CountChars
 0002:0000C4F8       CounterLock
 0001:0005C028       CPUDialogProc
 0001:0004C2F0       CPUToRTF
 0002:00000348       CRangeToType
 0002:00001DEC       Crc16Tab
 0001:0002ED34       crc32
 0002:0000B1C0       crc_table
 0002:00001FEC       crc_table_computed
 0001:000605C8       Create8bitBitmap
 0001:0000E154       CreateAssertException
 0001:0000E2DC       CreateAVObject
 0001:00005FF4       CreateBitmap
 0001:00005FFC       CreateBrushIndirect
 0001:00006004       CreateCompatibleBitmap
 0001:0000600C       CreateCompatibleDC
 0001:0001A1FC       CreateComponent
 0001:00006938       CreateDialogA
 0001:0005773C       CreateDialogFonts
 0001:00006254       CreateDialogParamA
 0001:0000601C       CreateDIBitmap
 0001:00006014       CreateDIBSection
 0001:0000A9BC       CreateDir
 0001:00005BA4       CreateDirectory
 0001:00005BAC       CreateEvent
 0001:0005893C       CreateExceptionReport
 0001:00005BB4       CreateFile
 0001:00005BBC       CreateFileA
 0001:000001FC       CreateFileA
 0001:00005BC4       CreateFileMapping
 0001:00006024       CreateFontA
 0001:0000602C       CreateFontIndirect
 0001:00006034       CreateFontIndirectA
 0001:00068848       CreateGeneralText
 0001:0000603C       CreateHalftonePalette
 0001:000516AC       CreateHTMLByLayout
 0001:00053F70       CreateHTMLFile
 0001:0000625C       CreateIcon
 0001:0000E080       CreateInOutError
 0001:00058C94       CreateLeakReport
 0001:00069AA8       CreateLogText
 0001:00006264       CreateMenu
 0001:0002C3FC       CreateMXQuery
 0001:000601E8       CreateOctreeNode
 0001:00006044       CreatePalette
 0001:0000604C       CreatePenIndirect
 0001:00005BCC       CreatePipe
 0001:0000626C       CreatePopupMenu
 0001:00005BD4       CreateProcess
 0001:00005BDC       CreateProcessA
 0001:00006054       CreateRectRgn
 0001:0000605C       CreateRectRgnIndirect
 0001:00006064       CreateSolidBrush
 0001:00076B5C       CreateSystemPalette
 0001:00051A84       CreateTemplateFile
 0001:0000025C       CreateThread
 0001:00005BE4       CreateThread
 0001:00058E3C       CreateThreadStr
 0001:00062ED0       CreateTmpLogFile
 0001:0004D9BC       CreateVirtualFile
 0001:000068E0       CreateWindow
 0001:00006888       CreateWindowEx
 0001:0005403C       CreateXMLLogCopy
 0001:000634BC       CreateZIPFile
 0001:0002CF8C       CreateZipFile
 0001:00071038       Create_EurekaLogUnitsList
 0002:0000759C       CreationControl
 0002:000071F8       CreationControl
 0002:0000792C       CreationFlagValues
 0002:000003B0       CRelationshipToBoolean
 0002:0000032C       CResult
 0002:00000D58       CriticalError
 0002:00006E60       CriticalExceptObject
 0002:00000154       cSimpleBoolStrs
 0002:0000035C       CText
 0002:00007698       Ctl3DStyles
 0002:00007578       Ctl3DStyles
 0002:00008620       curAlloc
 0002:000086DC       CurrencyDecimals
 0002:000086D8       CurrencyFormat
 0002:000086D4       CurrencyString
 0002:0000B744       CurrentAsmErrorLine
 0002:0000B74C       CurrentAsmErrorText
 0002:0000B750       CurrentCPUErrorText
 0002:0000B7E0       CurrentDialog
 0001:0006FCD8       CurrentEurekaLogOptions
 0002:0000B748       CurrentGeneralErrorText
 0002:0000B6B8       CurrentOptions
 0002:0000B7F8       CurrentProcessWindowsList
 0002:00006E4C       CurrentStackList
 0001:0000C1A4       CurrentYear
 0001:0000BB18       CurrToStr
 0001:00011808       CurrToWStrViaOS
 0002:00007878       CursorMap
 0002:000075AC       Cursors
 0001:0008AAF0       CursorToIdent
 0002:00007868       cUseAlpha
 0002:00007870       cUseColorKey
 0002:0000B65C       CustomButtonClickNotify
 0002:0000B650       CustomDataRequest
 0002:0000B77C       CustomExceptMessage
 0001:00071BEC       CustomHandler
 0002:00006920       CustomSmtpHeloCommand
 0002:0000B658       CustomWebFieldsRequest
 0002:0000B5C4       CV
 0001:00009D50       CvtInt
 0001:00009DBC       CvtInt64
 0002:00000194       CWNear
 0001:0000C0F4       Date
 0002:000086DD       DateSeparator
 0001:0000CDBC       DateTimeToStr
 0001:0002107C       DateTimeToStrFixed
 0001:0000CD30       DateTimeToString
 0001:0000BC6C       DateTimeToTimeStamp
 0001:0000CD8C       DateToStr
 0001:00011840       DateToWStrViaOS
 0001:0000C0CC       DayOfWeek
 0002:0000B7F4       DbgSection
 0002:00000190       DCon10
 0002:00006F1C       DDBsOnly
 0001:0001DD80       DeallocateHWnd
 0002:0000002C       DebugHook
 0002:0000B934       DebugHook_Assigned
 0001:00064AB0       DebugToStr
 0002:000086DB       DecimalSeparator
 0001:0000C03C       DecodeDate
 0001:0000BEF0       DecodeDateFully
 0001:000269F4       DecodeNameString
 0001:0000BD60       DecodeTime
 0001:0000079C       Decommit
 0001:00000DB8       DecommitFree
 0002:000085FC       decommittedRoot
 0001:00035228       Decrypt
 0001:000AC310       Default
 0001:000A6C40       Default
 0002:00000024       Default8087CW
 0002:000075A0       DefaultDockTreeClass
 0002:00000038       DefaultTextLineBreakStyle
 0002:000085C0       DefaultUserCodePage
 0002:00007170       DefBrushData
 0002:00006EF0       DefFontData
 0001:00006274       DefFrameProc
 0001:0002FB6C       deflate
 0001:0002FE30       deflateEnd
 0001:0002F580       deflateInit_
 0002:00000220       DefLongDayNames
 0002:000001D4       DefLongMonthNames
 0001:0000627C       DefMDIChildProc
 0002:00007150       DefPenData
 0002:00000204       DefShortDayNames
 0002:000001A4       DefShortMonthNames
 0001:00006284       DefWindowProc
 0001:0000628C       DefWindowProcA
 0001:00004BBC       DelayLoadResourceModule
 0001:00000458       DeleteBlock
 0001:00005BEC       DeleteCriticalSection
 0001:000003C8       DeleteCriticalSection
 0001:0000606C       DeleteDC
 0001:00063628       DeleteExtraFiles
 0001:0000A3B8       DeleteFile
 0001:00005BF4       DeleteFile
 0001:00005BFC       DeleteFileA
 0001:00050074       DeleteFileEx
 0001:00000C00       DeleteFree
 0001:00006294       DeleteMenu
 0001:00006074       DeleteObject
 0001:0008634C       DeleteSelectedText
 0001:000600F4       DeleteTree
 0001:0004DB28       DeleteVirtualFile
 0002:00006ED0       DeniedChars
 0001:00077C10       DeselectBitmap
 0001:0000629C       DestroyCursor
 0001:00057984       DestroyDialogFonts
 0001:000062A4       DestroyIcon
 0001:0007E64C       DestroyLocals
 0001:000062AC       DestroyMenu
 0001:000062B4       DestroyWindow
 0002:0000BC1C       DetailsActive
 0001:0005972C       DetailsState
 0001:000062BC       DialogBoxParamA
 0001:00088200       DialogEnumerationTester
 0002:0000BC28       DialogHeight
 0001:0007DEB4       Dialogs
 0002:0000B944       DialogType
 0002:000071AC       DIBPalSizes
 0002:00000094       dig
 0002:00000D5C       Digits
 0001:00051A60       DirectoryExists
 0001:00008624       DisableMemoryLeaksCheck
 0001:000A4078       DisableTaskWindows
 0001:000062C4       DispatchMessage
 0001:000AA298       DispatchShortCut
 0002:00008000       DispCallByIDProc
 0001:0000983C       DivMod
 0001:0007D87C       Dlgs
 0001:000573F4       DlgTemplate
 0002:00008918       DllList
 0001:000AB59C       DoAlign
 0001:00090714       DoAlign
 0001:000947C8       DoCalcConstraints
 0002:0000C788       DockSiteList
 0001:000A0ACC       DoClick
 0001:00091E58       DoControlMsg
 0001:000A4028       DoDisableWindow
 0001:0008B830       DoDragOver
 0001:000098B4       DoExitProc
 0001:000967D4       DoFindControlZone
 0001:000A4164       DoFindWindow
 0001:00096D60       DoFindZone
 0001:00096858       DoForEach
 0001:00098164       DoGetNextLimit
 0001:0002C85C       Done
 0001:000730DC       Done
 0001:0002AF9C       Done
 0001:00008810       Done
 0001:00024EBC       Done
 0001:000A3FF0       DoneApplication
 0001:00070D08       DoneCheckFreeze
 0001:00098EC4       DoneControls
 0002:0000B70C       DoneExcept
 0001:00071E40       DoneExceptAddr
 0001:0000E608       DoneExceptions
 0001:00036B30       DoneLib
 0001:000083B0       DoneShareMem
 0001:000A8614       DoNestedActivation
 0001:0001C428       DoneThreadSynchronization
 0001:000AB3EC       DoPosition
 0001:000902D4       DoPosition
 0001:0009778C       DoPrune
 0001:00097C64       DoSaveZone
 0001:000AFAEC       DosCommand
 0001:000B00B4       doscpro
 0001:00097E68       DoSetNewBounds
 0001:000213C0       DotNetHostedFile
 0001:00065580       DotNetHostedFileHandle
 0001:00065534       DotNetMainFile
 0002:00006E70       DotNetMetadataFile
 0002:00006E90       Dots
 0002:000003CC       DotSep
 0001:000777D4       DoWrite
 0001:0009B41C       DoWrite
 0001:000173F8       DoWrite
 0001:00091440       DoWriteDesignSize
 0001:0008EEAC       DoWriteIsControl
 0002:0000C76C       DragCapture
 0002:0000C760       DragControl
 0001:0008BF78       DragDone
 0001:0008B7E0       DragFindTarget
 0001:0008B7B4       DragFindWindow
 0002:0000C784       DragImageList
 0001:0008BBD0       DragInit
 0001:0008BD40       DragInitControl
 0002:0000C768       DragInternalObject
 0001:0008B6FC       DragMessage
 0002:0000C764       DragObject
 0002:0000C790       DragSave
 0002:0000C778       DragSaveCursor
 0002:0000C770       DragStartPos
 0002:0000C77C       DragThreshold
 0001:0008B900       DragTo
 0001:000AC34C       DrawAppIcon
 0001:00041DE4       DrawBmp
 0001:00042968       DrawBottom
 0001:0005E5FC       DrawButton
 0001:0005E490       DrawClickHere
 0001:000972F8       DrawCloseButton
 0001:0005E408       DrawControl
 0001:000062CC       DrawEdge
 0001:000062D4       DrawFocusRect
 0001:000428F4       DrawFrame
 0001:000062DC       DrawFrameControl
 0001:00097350       DrawGrabberLine
 0001:000062E4       DrawIcon
 0001:000062EC       DrawIconEx
 0002:000076D4       DrawingStyles
 0001:00042A10       DrawItem
 0001:000429BC       DrawLine
 0001:000062F4       DrawMenuBar
 0001:000A1E0C       DrawMenuItem
 0001:0005C5E4       DrawSupportLink
 0001:000062FC       DrawText
 0001:00006304       DrawTextA
 0002:0000C5B8       DrawThemeBackground
 0002:0000C5DC       DrawThemeEdge
 0002:0000C5E0       DrawThemeIcon
 0002:0000C664       DrawThemeParentBackground
 0002:0000C5BC       DrawThemeText
 0001:0007662C       DupBits
 0002:0000B794       DuplicatedException
 0001:00005C04       DuplicateHandle
 0001:0000497C       DynArrayClear
 0001:00004984       DynArraySetLength
 0001:00035674       EBase64
 0001:00020860       EConsts
 0001:00024F14       ECore
 0001:00029648       EDebug
 0002:000077C0       EdgeStyle
 0002:00007688       EdgeStyles
 0002:00007568       EdgeStyles
 0001:0004A424       EDisAsm
 0001:0003531C       EEncrypt
 0001:00034FC8       EHash
 0001:0000E054       EHeapException.FreeInstance
 0001:0002B098       EHook
 0001:0003E04C       ElaborateString
 0001:0003736C       ElaborateURL
 0001:000374D4       ElaborateWebPage
 0001:0002B1A8       ELang
 0001:000088D0       ELeaks
 0001:0004302C       EListView
 0001:00041D0C       ELogManager
 0002:000074EC       Empty
 0001:0000630C       EmptyClipboard
 0002:00008854       EmptyParam
 0002:000000D8       EmptyStr
 0002:000000DC       EmptyWideStr
 0002:00000458       EMsgs
 0001:00008498       EnableMemoryLeaksCheck
 0001:00006314       EnableMenuItem
 0002:00007758       Enables
 0001:0000631C       EnableScrollBar
 0001:000A412C       EnableTaskWindows
 0002:0000C64C       EnableThemeDialogTexture
 0002:0000C668       EnableTheming
 0001:00006324       EnableWindow
 0001:0005FFE0       Encode
 0001:0000BEC0       EncodeDate
 0002:000055F4       EncodedChars
 0001:0000BD20       EncodeTime
 0001:00063034       EncodeURL
 0001:0000632C       EndDialog
 0001:000165A8       EndGlobalLoading
 0001:00006334       EndPaint
 0001:0000373C       EndThread
 0001:000003B8       EnterCriticalSection
 0001:00005C0C       EnterCriticalSection
 0001:00005C14       EnumCalendarInfoA
 0002:0000C54C       EnumDisplayMonitors
 0001:0000D8BC       EnumEraNames
 0001:0000D8F8       EnumEraYearOffsets
 0001:000A7204       EnumMonitorsProc
 0001:00005C1C       EnumSystemLocalesA
 0001:0000633C       EnumThreadWindows
 0001:000199AC       EnumValue
 0001:00006344       EnumWindows
 0001:0004F148       EnumWindowsProc
 0001:0004F3B8       EnumWindowsProc
 0001:0004F1EC       EnumWindowsProc
 0001:0004F2A4       EnumWindowsProc
 0001:00025F40       Eof
 0002:00005614       EOFLine
 0001:0000634C       EqualRect
 0002:000087A4       EraNames
 0001:0000D048       EraToYear
 0002:000087C0       EraYearOffsets
 0002:0000006C       errCaption
 0001:0009CB0C       Error
 0001:00019190       Error
 0001:00060EE8       Error
 0001:000018C8       Error
 0001:00008278       Error
 0001:00015B30       Error
 0002:00000004       ErrorAddr
 0001:0000187C       ErrorAt
 0001:0000E100       ErrorHandler
 0002:0000023C       ErrorMap
 0002:00008008       ErrorProc
 0002:000083E8       ErrOutput
 0002:00000C30       EShowOptions
 0001:0002C8BC       ESockets
 0001:0001DF1C       ETypes
 0002:00000450       EurekaLogCurrentVersion
 0002:0000B7B0       EurekaLogList
 0001:000617C8       EurekaLogSendEmail
 0002:00006924       EurekaLogUnits
 0002:0000B7D4       EurekaLogUnitsList
 0001:00055374       EurekaLog_AttachedFilesRequestEvent
 0001:0006EEC8       EurekaLog_CallCreateThread
 0001:0006E658       EurekaLog_CallExceptObject
 0001:0006F000       EurekaLog_CallExitThread
 0001:0006E4D4       EurekaLog_CallGeneralRaise
 0001:0006EF5C       EurekaLog_CallResumeThread
 0001:000554BC       EurekaLog_CustomButtonClickEvent
 0001:000552D0       EurekaLog_CustomDataRequestEventEx
 0001:00055418       EurekaLog_CustomWebFieldsRequestEvent
 0001:00055188       EurekaLog_ExceptionActionNotifyEvent
 0001:0005522C       EurekaLog_ExceptionErrorNotifyEvent
 0001:00055040       EurekaLog_ExceptionNotifyEvent
 0001:000550E4       EurekaLog_HandledExceptionNotifyEvent
 0001:0006EEC0       EurekaLog_LastDelphiException
 0001:00054F2C       EurekaLog_PasswordRequestEvent
 0001:00054F70       EurekaLog_PasswordRequestEventEx
 0002:000009B8       EVals
 0002:00000CF0       EVariablesOptions
 0001:0003D410       EWebTools
 0001:00029BC4       EWinSock
 0001:00001804       ExceptAddr
 0002:0000800C       ExceptClsProc
 0001:0000E574       ExceptHandler
 0001:0000DEC8       Exception.Create
 0001:0000DF04       Exception.CreateFmt
 0001:0000DF84       Exception.CreateRes
 0001:0000DFC0       Exception.CreateResFmt
 0002:0000B644       ExceptionActionNotify
 0002:0000801C       ExceptionClass
 0002:0000B68C       ExceptionCriticalSection
 0001:0000DC54       ExceptionErrorMessage
 0002:0000B648       ExceptionErrorNotify
 0001:0004E43C       ExceptionLine
 0001:00073588       ExceptionLog
 0001:00070008       ExceptionManager
 0002:0000B63C       ExceptionNotify
 0002:0000B6C4       ExceptionNumber
 0002:0000B7E8       ExceptionsTime
 0002:0000B7EC       ExceptionTime
 0001:00051FE8       ExceptionTypeByAddr
 0002:00000274       ExceptMap
 0001:0006DB3C       ExceptNotify
 0001:000648D8       ExceptNotifyAfter1
 0001:000649D4       ExceptNotifyAfter2
 0001:000649E8       ExceptNotifyAfter3
 0001:000017E4       ExceptObject
 0002:00008010       ExceptObjProc
 0002:00008004       ExceptProc
 0001:0000607C       ExcludeClipRect
 0001:00022104       ExcludeLastBackslash
 0002:00000000       ExitCode
 0001:000034F4       ExitDll
 0002:00008048       ExitProc
 0001:0000026C       ExitProcess
 0002:00008028       ExitProcessProc
 0002:00000150       ExitProcList
 0001:00000264       ExitThread
 0001:00005C24       ExitThread
 0001:0003D9B8       EXMLBuilder
 0001:000212D4       ExpandEnvVars
 0001:0000A62C       ExpandFileName
 0001:00055AFC       ExportedFunctions
 0001:0007E908       ExtActns
 0001:0007E518       ExtCtrls
 0001:0007E774       ExtDlgs
 0001:000534FC       ExtractDebugData
 0001:0000A518       ExtractFileDrive
 0001:0000A5E4       ExtractFileExt
 0001:0000A5AC       ExtractFileName
 0001:00006AC0       ExtractFileName
 0001:0000A4E4       ExtractFilePath
 0001:0000A668       ExtractFilePathNoDrive
 0001:000704D8       ExtractGZipStream
 0001:00020D78       ExtractList
 0001:0000A6F4       ExtractRelativePath
 0001:00053038       ExtractStr
 0001:00021CEC       ExtractStringsEx
 0001:00058754       ExtractThreadByList
 0001:0003F6B8       ExtractValue
 0001:00006084       ExtTextOut
 0001:000357C8       EZip
 0001:000344CC       EZlib2
 0002:0000B9E0       fActive
 0002:00006E84       fActivePage
 0002:000087E0       FalseBoolStrs
 0002:0000B9FC       fBigFont
 0002:0000B9E4       fCaptionFont
 0002:0000C6B8       FClipboard
 0002:00000184       FCon1E18
 0002:0000B9D8       fDlgBack
 0001:00067F6C       FetchStr
 0002:0000B9EC       fFixedFont1
 0002:0000B9F0       fFixedFont2
 0001:0000A24C       FileAge
 0001:0000A244       FileClose
 0001:0000A1AC       FileCreate
 0001:0000A188       FileCreate
 0001:0000A92C       FileDateToDateTime
 0001:0000A2B4       FileExists
 0002:000071A4       FileFormats
 0002:0000000C       FileMode
 0001:00001D28       FileNOPProc
 0001:0000A130       FileOpen
 0001:0000A1B4       FileRead
 0002:000003F8       FilerSignature
 0001:0000A20C       FileSeek
 0001:00005C2C       FileTimeToDosDateTime
 0001:00005C34       FileTimeToLocalFileTime
 0001:0000A1E0       FileWrite
 0001:00000CE8       FillAfterGap
 0001:000541C8       FillAttachedList
 0001:00000C94       FillBeforeGap
 0001:00000D80       FillerSizeAfterGap
 0001:00000D10       FillerSizeBeforeGap
 0001:00006354       FillRect
 0001:00050530       FillThreadsCount
 0001:0007B758       Finalization
 0001:00029B94       Finalization
 0001:0007B798       Finalization
 0001:0007C780       Finalization
 0001:00088478       Finalization
 0001:0007C7C8       Finalization
 0001:000877F4       Finalization
 0001:0007C800       Finalization
 0001:0003D3C0       Finalization
 0001:0007CB24       Finalization
 0001:0007CCD0       Finalization
 0001:0002B044       Finalization
 0001:0003449C       Finalization
 0001:0003D988       Finalization
 0001:0007D654       Finalization
 0001:0002B178       Finalization
 0001:0008768C       Finalization
 0001:0007D6C4       Finalization
 0001:0007F488       Finalization
 0001:0007D6FC       Finalization
 0001:0007EA48       Finalization
 0001:00005780       Finalization
 0001:0007D734       Finalization
 0001:0007E910       Finalization
 0001:00008BE4       Finalization
 0001:00008898       Finalization
 0001:00013DB0       Finalization
 0001:0007D76C       Finalization
 0001:0007E8B8       Finalization
 0001:0007D7A4       Finalization
 0001:0007D7DC       Finalization
 0001:00013D58       Finalization
 0001:0007E860       Finalization
 0001:0007E7FC       Finalization
 0001:0002C864       Finalization
 0001:0007E794       Finalization
 0001:0007D814       Finalization
 0001:000059B0       Finalization
 0001:0007E744       Finalization
 0001:0004A388       Finalization
 0001:00005A28       Finalization
 0001:00006A48       Finalization
 0001:0007E6E4       Finalization
 0001:0007E614       Finalization
 0001:0007E580       Finalization
 0001:00042FFC       Finalization
 0001:0007D84C       Finalization
 0001:00041CD0       Finalization
 0001:0007DE58       Finalization
 0001:0007E548       Finalization
 0001:0001324C       Finalization
 0001:00013030       Finalization
 0001:0007E4D0       Finalization
 0001:0000FCDC       Finalization
 0001:0000FEDC       Finalization
 0001:00029658       Finalization
 0001:0007AFD8       Finalization
 0001:000295AC       Finalization
 0001:00024EC0       Finalization
 0001:00034F98       Finalization
 0001:00099134       Finalization
 0001:0007AEE4       Finalization
 0001:0009A464       Finalization
 0001:0007AC2C       Finalization
 0001:0007AA4C       Finalization
 0001:000352EC       Finalization
 0001:0009BB6C       Finalization
 0001:0007386C       Finalization
 0001:000207DC       Finalization
 0001:000A20E8       Finalization
 0001:0001DEEC       Finalization
 0001:000733CC       Finalization
 0001:0001DDA8       Finalization
 0001:00035644       Finalization
 0001:00035798       Finalization
 0001:000AE550       Finalization
 0001:000AFABC       Finalization
 0001:000B0070       Finalization
 0001:000B00BC       Finalization
 0001:000106D0       Finalization
 0002:00008684       FinalizationProc
 0001:00004974       FinalizeArray
 0001:00003328       FinalizeUnits
 0001:000A088C       Find
 0001:0005268C       FindBetterMatch
 0001:00004C2C       FindBS
 0001:0001604C       FindClass
 0001:00004BB4       FindClassHInstance
 0001:0000A39C       FindClose
 0001:0000027C       FindClose
 0001:00005C3C       FindClose
 0001:00000C64       FindCommitted
 0001:0008A8D0       FindControl
 0001:00096F8C       FindControlAtPos
 0001:00012E88       FindCustomVariantType
 0001:00012F40       FindCustomVariantType
 0001:0008C29C       FindDragTarget
 0001:00062E50       FindEOFLine
 0001:00036F44       FindErrorMessage
 0001:00068798       FindException
 0001:0001A3AC       FindExistingComponent
 0001:0000A328       FindFirst
 0001:00000284       FindFirstFile
 0001:00005C44       FindFirstFile
 0001:00005C4C       FindFirstFileA
 0001:000507D4       FindFullPath
 0001:00053448       FindFunction
 0001:000A4270       FindGlobalComponent
 0001:00016438       FindGlobalComponent
 0002:000088B8       FindGlobalComponentProcs
 0001:0004AFB0       FindHandled
 0001:00004B8C       FindHInstance
 0001:000162E0       FindIdentToInt
 0001:000075A8       FindLeakAddress
 0001:000077CC       FindLeakClassName
 0001:00007500       FindLeakSons
 0001:000726F4       FindMainInstance
 0001:0000A2C4       FindMatchingFile
 0001:0004F828       FindModuleType
 0002:0000C6A4       FindMsg
 0001:0001953C       FindNestedComponent
 0001:0000A378       FindNext
 0001:00005C54       FindNextFile
 0001:0000745C       FindNextValidLeak
 0001:000260B0       FindParam
 0001:0009CAD4       FindPopupControl
 0001:000297B8       FindProc
 0001:00010398       FindProc
 0001:0005047C       FindProcess
 0001:00005C5C       FindResource
 0001:00005C64       FindResourceA
 0001:00004C04       FindResourceHInstance
 0001:000ADDA4       FindScanline
 0001:000366A8       FindSelected
 0001:000A41C8       FindTopMostWindow
 0001:0001B290       FindUniqueName
 0001:0008C268       FindVCLWindow
 0001:0000635C       FindWindow
 0001:00088258       FindWinHelp
 0001:0004AF68       FirstProc
 0002:0000BA08       FixedFontName1
 0002:0000BA0C       FixedFontName2
 0002:0000BA00       FixedFontSize
 0002:0000BC44       FixedTmpOptionsFile
 0001:00078008       FixupBitFields
 0002:000077D0       Flags
 0002:000087F0       FLanguages
 0001:0007CB54       FlatSB
 0002:0000C578       FlatSB_EnableScrollBar
 0002:0000C584       FlatSB_GetScrollInfo
 0002:0000C588       FlatSB_GetScrollPos
 0002:0000C580       FlatSB_GetScrollRange
 0002:0000C590       FlatSB_SetScrollInfo
 0002:0000C58C       FlatSB_SetScrollPos
 0001:0007C844       FlatSB_SetScrollProp
 0002:0000C594       FlatSB_SetScrollRange
 0002:0000C57C       FlatSB_ShowScrollBar
 0002:0000B9F4       fLinkFont
 0002:0000B9F8       fLinkFont2
 0002:0000BB84       fListViewItems
 0002:00005FF8       FloatingPointOpcodes
 0001:0000B7A8       FloatToDecimal
 0001:0000BAE8       FloatToStr
 0001:0000B1E0       FloatToText
 0001:0000B4B4       FloatToTextFmt
 0001:00001F8C       Flush
 0001:00005C6C       FlushInstructionCache
 0002:0000B9DC       fMemoBack
 0002:0000BB64       fMonitor
 0002:0000BB6C       fMonitorInfo
 0002:00000198       FMSecsPerDay
 0001:0000B0DC       FmtStr
 0002:000077EC       FocusCount
 0002:000077E8       FocusMessages
 0002:000070C0       FontCharsets
 0002:0000C510       FontManager
 0001:0006FF54       ForceApplicationTermination
 0001:000221B4       ForceDirectoriesEx
 0001:000A4244       ForegroundTask
 0002:0000C808       Form1
 0002:000001A0       Format
 0001:0000B0C8       Format
 0001:0000ACD0       FormatBuf
 0001:0000ACC4       FormatClearStr
 0001:000683B8       FormatComplete
 0001:0000CDD0       FormatDateTime
 0001:0000AC48       FormatError
 0002:0000017C       FormatErrorStrs
 0001:0000BB48       FormatFloat
 0001:00005C74       FormatMessage
 0001:00028F84       FormatProcName
 0001:0000ACA0       FormatVarToStr
 0001:000AE5AC       Forms
 0001:000023F8       FPower10
 0002:000071F4       FPrinter
 0001:00006364       FrameRect
 0001:00007B18       FreeAllLeaks
 0001:0000F8BC       FreeAndNil
 0001:0004D3B0       FreeClonedObject
 0001:000009D0       FreeCommitted
 0001:00000EF0       FreeCurAlloc
 0001:0008C35C       FreeDeviceContext
 0001:0008C418       FreeDeviceContexts
 0001:0001DB74       FreeIntConstList
 0001:0000028C       FreeLibrary
 0001:00005C7C       FreeLibrary
 0001:00077B64       FreeMemoryContexts
 0001:0001DCA8       FreeObjectInstance
 0001:000A42F0       FreeObjectInstance
 0001:0004E0E8       FreeOutOfMemoryCache
 0001:00005C9C       FreeResource
 0001:00060EAC       FreeScreenshot
 0001:00000650       FreeSpace
 0001:0000F428       FreeTerminateProcs
 0001:0007CD08       FreeThemeLibrary
 0002:0000B758       FreezeThread
 0002:0000C718       FRichEditModule
 0002:0000BB68       fSendBmp
 0002:0000B618       FtpOpenFile
 0001:0003CDE8       FTPUploadFiles
 0002:0000B9E8       fVariableFont
 0001:0007661C       GDICheck
 0001:00076574       GDIError
 0001:0005BE20       GeneralDialogProc
 0001:0006E2B4       GeneralRaise
 0001:0004BAF0       GeneralToRTF
 0001:00063FE4       GenerateCustomWebFieldsString
 0001:0005193C       GenerateHTML
 0001:0003C22C       GenerateMultipartBoundary
 0001:00037CFC       GenerateMultipartBoundary
 0001:00037DCC       GenerateRequestBody
 0001:0003C368       GenerateRequestBody
 0001:00001C34       Get8087CW
 0001:00005CA4       GetACP
 0001:00065DB8       GetActiveControlClass
 0001:00065DD0       GetActiveControlText
 0001:00065CD8       GetActiveFormClass
 0001:00065D24       GetActiveFormText
 0001:00058EAC       GetActiveMonitorData
 0001:0000636C       GetActiveWindow
 0001:00066AC0       GetAdapterInfo
 0001:000504FC       GetAllocatedMemory
 0001:00053428       GetAndSetFunctionSize
 0001:000ABA78       GetAnimation
 0001:00066628       GetApplicationName
 0001:0004F31C       GetApplicationRect
 0001:00065CB8       GetApplicationUpTime
 0001:0002A2FC       GetAsmSize
 0001:000571F0       GetBaseOfStack
 0001:0000608C       GetBitmapBits
 0001:000003D0       GetBlockDesc
 0001:0005E574       GetBottonWidth
 0001:00006094       GetBrushOrgEx
 0001:00006840       GetBValue
 0001:000570CC       GetCallStackByAddresses
 0001:0004E128       GetCallStackDump
 0001:00006374       GetCapture
 0001:0008AB98       GetCaptureControl
 0001:00015FF8       GetClass
 0001:0000637C       GetClassInfo
 0001:00006384       GetClassName
 0001:0000638C       GetClassNameA
 0001:00006394       GetClientRect
 0001:0000609C       GetClipBox
 0001:0000036C       GetCmdShow
 0001:0009A634       GetColor
 0001:00042E7C       GetColumnAlign
 0001:00042E50       GetColumnCount
 0001:0007E9E8       GetComCtlVersion
 0001:00005CB4       GetCommandLine
 0001:00000294       GetCommandLine
 0001:0000081C       GetCommitted
 0001:000008AC       GetCommittedAt
 0001:00067E14       GetCompanyName
 0001:00065C5C       GetCompilationDate
 0001:0004B5C4       GetCompleteTimeStr
 0001:00005CBC       GetComputerNameA
 0001:00091A0C       GetControlAtPos
 0001:0006D5BC       GetControlClass
 0001:0006D618       GetControlText
 0001:0000C268       GetCount
 0001:00005CAC       GetCPInfo
 0001:00034578       GetCRC16
 0001:00034530       GetCRC32
 0001:0000A998       GetCurrentDir
 0001:0000029C       GetCurrentDirectory
 0001:000060A4       GetCurrentObject
 0001:000060AC       GetCurrentPositionEx
 0001:000680E4       GetCurrentPrinterHandle
 0001:00005CC4       GetCurrentProcess
 0001:00005CCC       GetCurrentProcessId
 0001:00070000       GetCurrentStackPointer
 0001:000571F8       GetCurrentStackPointer
 0002:0000C65C       GetCurrentThemeName
 0001:00005CD4       GetCurrentThread
 0001:0000035C       GetCurrentThreadId
 0001:00005CDC       GetCurrentThreadId
 0001:000067B4       GetCurrentTime
 0001:0004D3D0       GetCurrentTopOfStack
 0001:00067C3C       GetCurrentUserPrivileges
 0001:0000639C       GetCursor
 0001:000ADDB4       GetCursorHeightMargin
 0001:000063A4       GetCursorPos
 0001:00007334       GetDataCaller
 0001:0000C294       GetDate
 0001:00005CE4       GetDateFormat
 0001:0000CF60       GetDateOrder
 0001:000063AC       GetDC
 0001:000063B4       GetDCEx
 0001:000060B4       GetDCOrgEx
 0001:000569CC       GetDebugDetail
 0001:00064B50       GetDebugInfoEx
 0001:000537F4       GetDebugInfosByAddr
 0001:00053214       GetDebugPartialInfo
 0001:00068000       GetDefaultPrinter
 0001:0007A65C       GetDefFontCharSet
 0001:000063BC       GetDesktopWindow
 0001:000060CC       GetDeviceCaps
 0001:0005C230       GetDialogState
 0001:00077564       GetDIB
 0001:000060BC       GetDIBColorTable
 0001:000060C4       GetDIBits
 0001:000774AC       GetDIBSizes
 0001:0007678C       GetDInColors
 0001:00005CEC       GetDiskFreeSpaceA
 0002:0000014C       GetDiskFreeSpaceEx
 0001:000663DC       GetDiskInfo
 0001:00067B48       GetDisplayDPI
 0001:000668DC       GetDisplayMode
 0001:000063C4       GetDlgItem
 0001:0002BFFC       GetDNSList
 0001:00098244       GetDockAlign
 0001:0008B540       GetDockSiteAtPos
 0001:0002C1B8       GetDomain
 0001:0002C324       GetDomainName
 0001:0008B86C       GetDropCtl
 0001:00069744       GetDump
 0001:00002A70       GetDynaMethod
 0001:00069444       GetEAX
 0001:000694A4       GetEBX
 0001:00069504       GetECX
 0001:00069624       GetEDI
 0001:000581C8       GetEditText
 0001:00069564       GetEDX
 0001:00055774       GetEF
 0001:00048D7C       GetEffectiveAddress
 0001:000696E4       GetEIP
 0001:000699B4       GetEmptySection
 0001:000132BC       GetEnumName
 0001:00013394       GetEnumNameValue
 0001:000133E0       GetEnumValue
 0001:00005CF4       GetEnvironmentVariableA
 0001:00021198       GetEnvVariable
 0001:0000D970       GetEraNamesAndYearOffsets
 0001:0000CFF4       GetEraYearOffset
 0001:000695C4       GetESI
 0001:00069684       GetESP
 0001:0004E118       GetESP
 0001:00021534       GetEurekaLogDir
 0001:00056004       GetEurekaLogModuleVersion
 0001:00065FCC       GetExceptionAddress
 0001:0000E2C4       GetExceptionClass
 0001:00065FB4       GetExceptionDate
 0001:00065A24       GetExceptionMessage
 0001:00066000       GetExceptionModuleName
 0001:000660E4       GetExceptionModuleVersion
 0001:0000E4A8       GetExceptionObject
 0001:00066168       GetExceptionType
 0001:00057304       GetExceptMessage
 0001:00005CFC       GetExitCodeProcess
 0001:00005D04       GetExitCodeThread
 0001:00015F80       GetFieldClassTable
 0001:00035F48       GetFieldValue
 0001:00005D0C       GetFileAttributes
 0001:00005D14       GetFileAttributesA
 0001:0003C2FC       GetFileContents
 0001:00036ED8       GetFileContents
 0001:0003CDAC       GetFileSize
 0001:0002CFE4       GetFileSize
 0001:0000020C       GetFileSize
 0001:00050040       GetFileSize
 0001:00000204       GetFileType
 0001:0000E718       GetFileVersion
 0001:00066FEC       GetFileVersionEx
 0001:00005FB4       GetFileVersionInfo
 0001:00005FBC       GetFileVersionInfoA
 0001:00005FC4       GetFileVersionInfoSize
 0001:00005FCC       GetFileVersionInfoSizeA
 0001:000063CC       GetFocus
 0001:000213E8       GetFolder
 0001:0007505C       GetFontData
 0001:000063D4       GetForegroundWindow
 0001:0000EFE0       GetFormatSettings
 0001:00006E94       GetFramesCallStackDump
 0001:000664D0       GetFreeDisk
 0001:0006635C       GetFreeMemory
 0001:00005D1C       GetFullPathName
 0001:00064E30       GetFunctionAsm
 0001:0002A434       GetFunctionSize
 0001:00021F20       GetGMT
 0001:0000683C       GetGValue
 0001:00005D24       GetHandleInformation
 0001:000745C8       GetHashCode
 0001:000A8FF0       GetHelpInfo
 0001:0007BC18       GetHelpSystem
 0001:000AB85C       GetHint
 0001:000AB894       GetHintControl
 0001:00029A6C       gethostbyname
 0001:00029A9C       gethostname
 0001:000A1F88       GetHotkey
 0001:0003C638       GetHTTPResponse
 0001:000375E4       GetHTTPResponse
 0001:000063DC       GetIconInfo
 0001:000292BC       GetImageNtHeaders
 0001:000671E0       GetIndexKeyName
 0001:00067FA0       GetIniDefPrinter
 0001:0006DF90       GetIntraWebExceptionType
 0001:00041DBC       GetItemRect
 0001:0005B154       GetItemText
 0001:000063F4       GetKeyboardLayout
 0001:000063FC       GetKeyboardLayoutList
 0001:00006404       GetKeyboardState
 0001:000026E4       GetKeyboardType
 0001:000063E4       GetKeyNameText
 0001:000063EC       GetKeyState
 0001:00065F68       GetLanguageString
 0001:0000640C       GetLastActivePopup
 0001:0009650C       GetLastChildZone
 0001:000002A4       GetLastError
 0001:00005D2C       GetLastError
 0001:0000755C       GetLeakCount
 0001:000368B4       GetListDefault
 0001:00036534       GetListValue
 0001:0000D734       GetLocaleChar
 0001:00065E3C       GetLocaleDataA
 0001:00065DFC       GetLocaleDataW
 0001:000002AC       GetLocaleInfo
 0001:00005D3C       GetLocaleInfo
 0001:00005D44       GetLocaleInfoA
 0001:00005D4C       GetLocaleInfoW
 0001:0000D6E8       GetLocaleStr
 0001:00005D34       GetLocalTime
 0001:0008AB54       GetLongHint
 0001:00021914       GetLongNameFromShort
 0001:0001368C       GetLongStrProp
 0001:0004F180       GetMainWindow
 0001:000060D4       GetMapMode
 0001:00034E98       GetMD5
 0001:00066210       GetMemInfo
 0001:000017AC       GetMemoryManager
 0001:00006414       GetMenu
 0001:000A8F78       GetMenuHelpContext
 0001:0000641C       GetMenuItemCount
 0001:00006424       GetMenuItemID
 0001:0000642C       GetMenuItemInfo
 0001:0009F0D8       GetMenuSize
 0001:00006434       GetMenuState
 0001:0000643C       GetMenuString
 0001:00013C30       GetMethodProp
 0001:00021870       GetModifiedDate
 0001:0002CE88       GetModifiedDate
 0001:0004FBF8       GetModuleDescriptionAndVersion
 0001:00005D54       GetModuleFileName
 0001:000002B4       GetModuleFileName
 0001:00005D5C       GetModuleFileNameA
 0001:00005D64       GetModuleHandle
 0001:000058A8       GetModuleHandle
 0001:000002BC       GetModuleHandle
 0001:00005D6C       GetModuleHandleA
 0001:0004F9EC       GetModulePath
 0001:0004FAC8       GetModuleSize
 0001:000503E4       GetModulesList
 0001:00050254       GetModulesWin9X
 0001:000500F0       GetModulesWinNT
 0001:0004FB58       GetModuleVer
 0001:00054330       GetModule_ProcedureEvent
 0002:0000C540       GetMonitorInfo
 0002:0000C544       GetMonitorInfoA
 0002:0000C548       GetMonitorInfoW
 0001:00059108       GetMonitorWorkAreaFromActiveWnd
 0001:000590E4       GetMonitorWorkAreaFromWnd
 0001:00059000       GetMonitorWorkAreaFromWndEx
 0001:0000D798       GetMonthDayNames
 0001:0002C550       GetMXBestRecord
 0001:0002C488       GetMXRecord
 0001:0002C640       GetMXServerFromEmail
 0001:00066E68       GetNetworkData
 0001:00006444       GetNextWindow
 0001:000060DC       GetObject
 0001:00007348       GetObjectCaller
 0001:00060558       GetOptimizedPalette
 0001:00036790       GetOptionsDefault
 0001:00008228       GetOptionsFromExeFile
 0001:00036334       GetOptionsValue
 0001:000134B4       GetOrdProp
 0001:0004CE04       GetOSBuild
 0001:00065F9C       GetOSCharset
 0001:00065F90       GetOSLanguage
 0001:0004C9DC       GetOSType
 0001:00065DE8       GetOSUpdate
 0001:0004E0CC       GetOutOfMemoryCache
 0001:00060130       GetPaletteColors
 0001:000060E4       GetPaletteEntries
 0001:00065BCC       GetParameters
 0001:00001A88       GetParamStr
 0001:0000644C       GetParent
 0001:000A4444       GetParentForm
 0001:00050EA4       GetParentProcessID
 0001:00058224       GetParentWnd
 0001:00056354       GetPassword
 0001:000060EC       GetPixel
 0001:0006815C       GetPrinterStr
 0001:00005D74       GetPriorityClass
 0001:00005D7C       GetPrivateProfileStringA
 0001:00005D84       GetProcAddress
 0001:000002C4       GetProcAddress
 0001:00050CD8       GetProcessesList
 0001:000666F8       GetProcessor
 0001:0004FFB0       GetProcessThreads
 0001:00005D8C       GetProfileStringA
 0001:00006454       GetProp
 0001:00013444       GetPropInfo
 0001:00006F0C       GetRawCallStackDump
 0001:0000818C       GetRawOptions
 0001:00006B48       GetReadableSize
 0001:00021798       GetReadableSize
 0001:00053AD8       GetRealFileName
 0001:000A4904       GetRealScrollPosition
 0001:00048748       GetRefAddress
 0001:00048884       GetRegName
 0001:000520DC       GetResourceData
 0001:00008144       GetResourceData
 0001:0009A614       GetRGBColor
 0001:00006838       GetRValue
 0001:0000645C       GetScrollInfo
 0001:00006464       GetScrollPos
 0001:0000646C       GetScrollRange
 0001:0008AB10       GetShortHint
 0001:00013584       GetShortStrProp
 0001:0001361C       GetShortStrPropAsLongStr
 0001:000527F8       GetSourceInfoByAddr
 0001:00000574       GetSpace
 0001:000005D8       GetSpaceAt
 0001:0009CB64       GetSpecialName
 0001:00069924       GetStack
 0001:00066610       GetStartDate
 0001:000002CC       GetStartupInfo
 0001:00005D94       GetStartupInfo
 0001:00005D9C       GetStartupInfoA
 0001:00000214       GetStdHandle
 0001:00005DA4       GetStdHandle
 0001:000060F4       GetStockObject
 0001:00005DAC       GetStringTypeEx
 0001:000137BC       GetStrProp
 0001:00006474       GetSubMenu
 0001:00052EC4       GetSymbolAddr
 0001:0000647C       GetSysColor
 0001:00006484       GetSysColorBrush
 0001:00005DB4       GetSystemDefaultLangID
 0001:00005DBC       GetSystemInfo
 0001:0000648C       GetSystemMenu
 0001:00006494       GetSystemMetrics
 0002:0000C530       GetSystemMetrics
 0001:000060FC       GetSystemPaletteEntries
 0001:00005DC4       GetSystemTime
 0001:000668A0       GetSystemUpTime
 0001:00035CFC       GetTagValue
 0001:00005DCC       GetTempPathA
 0001:00036128       GetTextAreaValue
 0001:00006104       GetTextExtentPoint32
 0001:0000610C       GetTextExtentPoint32A
 0001:00057F60       GetTextHeight
 0001:00006114       GetTextMetrics
 0001:00058144       GetTextWidth
 0002:0000C654       GetThemeAppProperties
 0002:0000C5C0       GetThemeBackgroundContentRect
 0002:0000C5C4       GetThemeBackgroundExtent
 0002:0000C5D4       GetThemeBackgroundRegion
 0002:0000C5F8       GetThemeBool
 0002:0000C5EC       GetThemeColor
 0002:0000C660       GetThemeDocumentationProperty
 0002:0000C600       GetThemeEnumValue
 0002:0000C620       GetThemeFilename
 0002:0000C608       GetThemeFont
 0002:0000C5FC       GetThemeInt
 0002:0000C614       GetThemeIntList
 0002:0000C610       GetThemeMargins
 0002:0000C5F0       GetThemeMetric
 0002:0000C5C8       GetThemePartSize
 0002:0000C604       GetThemePosition
 0002:0000C618       GetThemePropertyOrigin
 0002:0000C60C       GetThemeRect
 0002:0000C5F4       GetThemeString
 0002:0000C62C       GetThemeSysBool
 0002:0000C624       GetThemeSysColor
 0002:0000C628       GetThemeSysColorBrush
 0002:0000C634       GetThemeSysFont
 0002:0000C63C       GetThemeSysInt
 0002:0000C630       GetThemeSysSize
 0002:0000C638       GetThemeSysString
 0002:0000C5CC       GetThemeTextExtent
 0002:0000C5D0       GetThemeTextMetrics
 0001:00005DD4       GetThreadContext
 0001:000587EC       GetThreadData
 0001:00005DDC       GetThreadLocale
 0001:000002D4       GetThreadLocale
 0001:0006DF18       GetThreadParams
 0001:00005DE4       GetThreadPriority
 0001:00005DEC       GetTickCount
 0001:0000C2CC       GetTime
 0001:000058D4       GetTlsSize
 0001:00005B2C       GetTokenInformation
 0001:000AC028       GetTopMostWindows
 0001:0004E120       GetTopOfStack
 0001:0008ACA0       GetTopParent
 0001:0000649C       GetTopWindow
 0001:00066570       GetTotalDisk
 0001:000662DC       GetTotalMemory
 0001:000132B0       GetTypeData
 0001:000214AC       GetUserApplicationsPath
 0001:00067E00       GetUserEmail
 0001:00005B34       GetUserNameA
 0001:00070A34       GetValidMainWindow
 0001:00037800       GetValueFromIndex
 0001:00005DF4       GetVersion
 0001:00000364       GetVersion
 0001:00005DFC       GetVersionEx
 0001:0004FFEC       GetVersionNumber
 0001:000673B0       GetVideoCardStr
 0001:00029F00       GetVirtualMethod
[...]
 17263 0001:00070A8C 17266 0001:00070A8E 17269 0001:00070A9C 17271 0001:00070AB5
 17274 0001:00070ABE 17275 0001:00070ACF 17277 0001:00070AD1 17278 0001:00070AEA
 17279 0001:00070B09 17281 0001:00070B11 17282 0001:00070B1C 17283 0001:00070B28
 17284 0001:00070B36 17285 0001:00070B48 17286 0001:00070B52 17289 0001:00070B80
 17291 0001:00070BA7 17294 0001:00070BB5 17296 0001:00070BF0 17300 0001:00070C0D
 17301 0001:00070C18 17304 0001:00070C2C 17305 0001:00070C59 17310 0001:00070C60
 17311 0001:00070C63 17314 0001:00070C7E 17315 0001:00070C85 17316 0001:00070C93
 17317 0001:00070CB0 17319 0001:00070CB7 17320 0001:00070CC8 17321 0001:00070CD1
 17322 0001:00070CDD 17324 0001:00070CF4 17326 0001:00070D03 17330 0001:00070D08
 17332 0001:00070D1A 17333 0001:00070D24 17334 0001:00070D32 17336 0001:00070D44
 17337 0001:00070D54 17338 0001:00070D5E 17339 0001:00070D65 17346 0001:00070D68
 17347 0001:00070D6E 17349 0001:00070D77 17351 0001:00070D7F 17352 0001:00070D88
 17353 0001:00070D92 17355 0001:00070D99 17359 0001:00070DA1 17360 0001:00070DAA
 17363 0001:00070DB0 17364 0001:00070DB6 17366 0001:00070DBF 17368 0001:00070DC4
 17369 0001:00070DCD 17370 0001:00070DDA 17372 0001:00070DE1 17376 0001:00070DE9
 17377 0001:00070DF2 17381 0001:00070DF8 17382 0001:00070DFD 17386 0001:00070E00
 17387 0001:00070E05 17396 0001:00070E08 17397 0001:00070E2C 17400 0001:00070E68
 17401 0001:00070E7F 17402 0001:00070E86 17406 0001:00070E95 17407 0001:00070EAC
 17411 0001:00070EBB 17412 0001:00070ED2 17416 0001:00070EE1 17417 0001:00070EF8
 17421 0001:00070F07 17422 0001:00070F1E 17426 0001:00070F2D 17427 0001:00070F44
 17431 0001:00070F53 17432 0001:00070F6A 17433 0001:00070F87 17437 0001:00070F8E
 17438 0001:00070FA5 17442 0001:00070FB1 17443 0001:00070FC8 17447 0001:00070FD4
 17448 0001:00070FEB 17451 0001:00071024 17554 0001:00071038 17555 0001:00071053
 17556 0001:00071061 17557 0001:0007106A 17559 0001:00071074 17560 0001:00071088
 17557 0001:0007108B 17561 0001:000710AB 17574 0001:000710B4 17575 0001:000710CC
 17578 0001:000710D9 17580 0001:000710E7 17581 0001:000710EE 17583 0001:00071105
 17587 0001:00071120 17588 0001:0007112E 17589 0001:00071135 17591 0001:0007114C
 17596 0001:00071167 17597 0001:00071175 17598 0001:0007117C 17599 0001:00071183
 17601 0001:0007118F 17602 0001:00071196 17604 0001:000711A7 17605 0001:000711C0
 17606 0001:000711C9 17608 0001:000711D1 17611 0001:000711E2 17612 0001:000711EE
 17614 0001:0007120C 17616 0001:0007121F 17617 0001:00071230 17618 0001:00071243
 17619 0001:00071256 17620 0001:00071267 17621 0001:00071271 17622 0001:0007127B
 17623 0001:00071285 17624 0001:0007128F 17625 0001:0007129E 17626 0001:000712A5
 17628 0001:000712C7 17630 0001:000712D5 17631 0001:000712DE 17632 0001:000712E6
 17634 0001:000712EE 17635 0001:000712FF 17636 0001:00071310 17637 0001:00071321
 17638 0001:00071326 17639 0001:00071337 17640 0001:00071348 17641 0001:00071359
 17643 0001:0007136D 17645 0001:0007139E 17653 0001:00071414 17654 0001:0007143B
 17656 0001:00071448 17657 0001:0007144C 17658 0001:0007145A 17660 0001:00071462
 17661 0001:0007146E 17662 0001:00071481 17665 0001:0007149B 17667 0001:000714A1
 17668 0001:000714A5 17670 0001:000714A9 17671 0001:000714B5 17674 0001:000714C2
 17675 0001:000714C6 17676 0001:000714E9 17677 0001:000714EF 17678 0001:000714F5
 17680 0001:00071501 17658 0001:00071505 17682 0001:0007150E 17683 0001:00071517
 17684 0001:00071520 17686 0001:0007153C 17688 0001:00071560 17690 0001:0007156F
 17698 0001:00071594 17699 0001:000715B6 17701 0001:000715C3 17703 0001:000715DF
 17707 0001:000715ED 17709 0001:000715F4 17712 0001:00071613 17716 0001:00071690
 17718 0001:0007169E 17720 0001:000716D5 17723 0001:000716F4 17728 0001:00071705
 17729 0001:0007170F 17732 0001:00071716 17733 0001:00071724 17734 0001:0007172B
 17735 0001:00071735 17736 0001:0007173C 17737 0001:00071746 17738 0001:0007174D
 17739 0001:00071757 17740 0001:0007175E 17741 0001:00071768 17742 0001:00071772
 17743 0001:0007177C 17744 0001:00071786 17745 0001:00071790 17746 0001:00071797
 17747 0001:000717A1 17748 0001:000717A8 17749 0001:000717B2 17750 0001:000717B9
 17751 0001:000717C3 17752 0001:000717CA 17753 0001:000717D4 17754 0001:000717DB
 17755 0001:000717E5 17756 0001:000717EC 17757 0001:000717F6 17758 0001:000717FD
 17759 0001:00071807 17760 0001:0007180E 17761 0001:00071818 17762 0001:0007181F
 17763 0001:0007182A 17764 0001:00071839 17767 0001:0007183E 17768 0001:00071847
 17771 0001:00071850 17772 0001:0007185A 17773 0001:00071864 17774 0001:0007186E
 17775 0001:00071878 17776 0001:00071882 17777 0001:0007188C 17778 0001:00071896
 17779 0001:000718A0 17780 0001:000718AA 17781 0001:000718B4 17782 0001:000718BE
 17783 0001:000718C8 17784 0001:000718D2 17785 0001:000718DC 17786 0001:000718E6
 17787 0001:000718F0 17788 0001:000718FA 17789 0001:00071904 17790 0001:0007190E
 17791 0001:00071918 17792 0001:00071922 17793 0001:0007192C 17794 0001:00071936
 17795 0001:00071940 17796 0001:0007194A 17797 0001:00071954 17798 0001:0007195E
 17799 0001:00071968 17800 0001:00071972 17801 0001:0007197C 17803 0001:00071981
 17806 0001:0007199A 17811 0001:000719B5 17813 0001:000719C3 17814 0001:000719CA
 17816 0001:000719E1 17820 0001:000719FC 17821 0001:00071A0A 17822 0001:00071A11
 17824 0001:00071A28 17829 0001:00071A65 17833 0001:00071B1C 17834 0001:00071B33
 17838 0001:00071B34 17839 0001:00071B4B 17846 0001:00071B4C 17847 0001:00071B56
 17850 0001:00071B58 17852 0001:00071B6B 17853 0001:00071B76 17854 0001:00071B81
 17857 0001:00071B8C 17858 0001:00071B97 17861 0001:00071BA2 17862 0001:00071BBE
 17863 0001:00071BE6 17882 0001:00071BEC 17883 0001:00071C09 17885 0001:00071C23
 17886 0001:00071C2A 17887 0001:00071C2C 17888 0001:00071C40 17889 0001:00071C47
 17891 0001:00071C4B 17893 0001:00071C61 17895 0001:00071C68 17897 0001:00071C76
 17899 0001:00071C7A 17900 0001:00071CA9 17903 0001:00071CAE 17904 0001:00071CD2
 17905 0001:00071CDE 17906 0001:00071CEE 17909 0001:00071CF2 17910 0001:00071D1F
 17925 0001:00071D28 17929 0001:00071D2C 17930 0001:00071D33 17931 0001:00071D38
 17936 0001:00071D3C 17937 0001:00071D43 17939 0001:00071D60 17941 0001:00071D65
 17943 0001:00071D6A 17944 0001:00071D6B 17945 0001:00071D6E 17947 0001:00071D71
 17948 0001:00071D81 17953 0001:00071D88 17954 0001:00071D8F 17959 0001:00071DBD
 17961 0001:00071DC2 17962 0001:00071DC3 17963 0001:00071DC6 17965 0001:00071DC9
 17966 0001:00071DD9 17971 0001:00071DE0 17972 0001:00071DE6 17973 0001:00071DF5
 17974 0001:00071E03 17976 0001:00071E28 17978 0001:00071E3B 17983 0001:00071E40
 17984 0001:00071E47 17986 0001:00071E64 17988 0001:00071E69 17990 0001:00071E6E
 17991 0001:00071E6F 17992 0001:00071E72 17994 0001:00071E75 17995 0001:00071E85
 18007 0001:00071E8C 18008 0001:00071E95 18011 0001:00071E9C 18012 0001:00071EAB
 18013 0001:00071EB9 18014 0001:00071EC3 18015 0001:00071ED2 18017 0001:00071EDD
 18018 0001:00071EE7 18019 0001:00071EF6 18021 0001:00071F01 18022 0001:00071F0B
 18023 0001:00071F1A 18025 0001:00071F25 18028 0001:00071F2F 18032 0001:00071F36
 18033 0001:00071F45 18034 0001:00071F4F 18025 0001:00071F50 18036 0001:00071F53
 18039 0001:00071F5D 18040 0001:00071F77 18041 0001:00071F88 18036 0001:00071F89
 18043 0001:00071F99 18045 0001:00071FA9 18056 0001:00071FB0 18058 0001:00071FB3
 18059 0001:00071FB9 18062 0001:00071FC0 18064 0001:00071FD3 18065 0001:00071FE9
 18066 0001:00071FF6 18067 0001:00072011 18071 0001:00072026 18072 0001:00072033
 18076 0001:00072038 18077 0001:0007203F 18078 0001:00072045 18080 0001:00072048
 18081 0001:0007204E 18083 0001:00072055 18085 0001:00072058 18095 0001:00072060
 18097 0001:00072061 18089 0001:00072067 18102 0001:00072074 18105 0001:0007207D
 18106 0001:00072088 18108 0001:000720A1 18109 0001:000720B1 18112 0001:000720BE
 18114 0001:000720C1 18124 0001:000720CA 18126 0001:000720CB 18118 0001:000720D2
 18131 0001:000720DF 18134 0001:000720E8 18135 0001:000720F4 18137 0001:0007210E
 18139 0001:0007211A 18149 0001:00072120 18150 0001:0007213B 18151 0001:00072148
 18152 0001:00072164 18153 0001:0007218F 18154 0001:000721B8 18156 0001:00072208
 18158 0001:00072226 18169 0001:00072241 18179 0001:0007225C 18189 0001:00072269
 18192 0001:0007227A 18199 0001:0007228B 18203 0001:000722A6 18209 0001:000722C1
 18212 0001:000722C6 18216 0001:000722E6 18225 0001:00072306 18226 0001:00072307
 18228 0001:00072314 18233 0001:00072334 18242 0001:0007234F 18247 0001:0007236A
 18248 0001:00072373 18253 0001:0007238E 18255 0001:0007239C 18258 0001:000723D9
 18262 0001:000726A0 18263 0001:000726BA 18266 0001:000726BC 18267 0001:000726BF
 18268 0001:000726D0 18271 0001:000726D4 18275 0001:000726D7 18277 0001:000726DE
 18306 0001:000726E0 18307 0001:000726E3 18309 0001:000726EA 18310 0001:000726F1
 18315 0001:000726F4 18316 0001:000726FC 18318 0001:0007270B 18319 0001:00072710
 18321 0001:0007271D 18324 0001:00072745 18325 0001:00072758 18327 0001:0007275A
 18319 0001:0007275B 18328 0001:0007275E 18339 0001:00072764 18340 0001:0007276B
 18341 0001:0007277E 18342 0001:0007278C 18344 0001:000727A3 18346 0001:000727B3
 18348 0001:000727B8 18349 0001:000727D5 18350 0001:000727D9 18352 0001:000727F6
 18353 0001:00072805 18354 0001:00072813 18355 0001:0007282B 18357 0001:0007283F
 18358 0001:00072851 18359 0001:00072854 18360 0001:00072859 18361 0001:0007286D
 18363 0001:00072880 18365 0001:000728B5 18367 0001:000728BC 18368 0001:000728DB
 18369 0001:000728F9 18371 0001:00072903 18373 0001:0007290E 18376 0001:00072938
 18387 0001:00072955 18389 0001:0007295C 18391 0001:00072963 18392 0001:0007296A
 18393 0001:00072971 18394 0001:00072978 18396 0001:0007298D 18400 0001:00072994
 18401 0001:0007299B 18402 0001:000729A2 18403 0001:000729A9 18404 0001:000729B0
 18405 0001:000729B7 18406 0001:000729BE 18407 0001:000729C5 18408 0001:000729CC
 18409 0001:000729E3 18410 0001:000729FA 18411 0001:00072A01 18412 0001:00072A0B
 18413 0001:00072A12 18414 0001:00072A21 18415 0001:00072A28 18416 0001:00072A39
 18417 0001:00072A43 18419 0001:00072A4A 18420 0001:00072A54 18421 0001:00072A5E
 18423 0001:00072A68 18425 0001:00072A6D 18428 0001:00072A76 18431 0001:00072A7B
 18433 0001:00072A89 18434 0001:00072A90 18438 0001:00072A95 18439 0001:00072AA6
 18441 0001:00072AB7 18442 0001:00072AD0 18443 0001:00072AD9 18445 0001:00072AE1
 18483 0001:00072AF4 18485 0001:00072AF9 18486 0001:00072B0A 18487 0001:00072B1B
 18488 0001:00072B2C 18489 0001:00072B3D 18495 0001:00072B4E 18496 0001:00072B55
 18497 0001:00072B61 18498 0001:00072B68 18499 0001:00072B6F 18500 0001:00072B79
 18501 0001:00072B80 18502 0001:00072B87 18505 0001:00072BA9 18506 0001:00072BBC
 18508 0001:00072BCA 18509 0001:00072BD3 18510 0001:00072BDB 18513 0001:00072BE3
 18514 0001:00072BE8 18515 0001:00072BF2 18516 0001:00072BFC 18518 0001:00072C0D
 18519 0001:00072C1E 18520 0001:00072C23 18521 0001:00072C2A 18522 0001:00072C34
 18523 0001:00072C3B 18524 0001:00072C42 18525 0001:00072C49 18526 0001:00072C50
 18527 0001:00072C57 18529 0001:00072C5E 18530 0001:00072C65 18531 0001:00072C6C
 18533 0001:00072C73 18535 0001:00072C7A 18538 0001:00072C82 18540 0001:00072C8C
 18542 0001:00072CA6 18543 0001:00072CB2 18544 0001:00072CBD 18545 0001:00072CC9
 18547 0001:00072CD4 18550 0001:00072CD9 18556 0001:00072D26 18562 0001:00072D73
 18568 0001:00072DC0 18569 0001:00072DD5 18571 0001:00072DDE 18585 0001:00072DF7
 18591 0001:00072E44 18597 0001:00072E91 18603 0001:00072EDE 18605 0001:00072EEC
 18607 0001:00072EFA 18609 0001:00072F08 18610 0001:00072F0D 18614 0001:00072F37
 18616 0001:00072F44 18619 0001:00072F58 18620 0001:00072F89 18624 0001:00072FC5
 18628 0001:00072FCC 18630 0001:00072FD5 18631 0001:00072FDA 18635 0001:00073009
 18642 0001:000730DC 18643 0001:000730F0 18644 0001:000730FE 18646 0001:00073111
 18647 0001:0007311B 18649 0001:00073125 18650 0001:00073138 18652 0001:0007313F
 18653 0001:00073149 18654 0001:00073150 18655 0001:0007315A 18656 0001:00073161
 18657 0001:0007316B 18658 0001:00073172 18659 0001:0007317C 18660 0001:00073183
 18661 0001:0007318D 18663 0001:00073194 18664 0001:00073199 18666 0001:000731A4
 18668 0001:000731B6 18669 0001:000731C3 18671 0001:000731D0 18673 0001:000731D9
 18674 0001:000731EC 18679 0001:000731F3 18680 0001:000731FC 18682 0001:0007320B
 18683 0001:00073215 18684 0001:0007321C 18685 0001:00073226 18686 0001:0007322D
 18687 0001:00073237 18689 0001:0007323E 18690 0001:00073248 18691 0001:00073252
 18692 0001:0007325C 18693 0001:00073266 18696 0001:0007326D 18698 0001:00073276
 18699 0001:00073282 18700 0001:0007328C 18703 0001:0007329F 18704 0001:000732A9
 18705 0001:000732B0 18706 0001:000732BA 18707 0001:000732C1 18708 0001:000732CB
 18710 0001:000732D2 18711 0001:000732E2 18712 0001:000732F3 18713 0001:00073303
 18715 0001:00073314 18716 0001:00073323 18723 0001:0007332A 18725 0001:00073333
 18726 0001:0007333E 18727 0001:00073348 18728 0001:00073352 18736 0001:00073359
 18737 0001:0007335E 18739 0001:00073372 18740 0001:0007337C 18741 0001:00073383
 18743 0001:000733B2 18775 0001:000733B8 18785 0001:000733CC 18786 0001:000733F8
 18788 0001:00073568 18779 0001:00073588 18780 0001:000735AC 18781 0001:000735BB
 18782 0001:000735C0 18784 0001:000735E4

Line numbers for DosCommand(DosCommand.pas) segment .text

   268 0001:000AED2C   269 0001:000AED41   270 0001:000AED4A   271 0001:000AED53
   272 0001:000AED77   278 0001:000AED7C   279 0001:000AED7F   280 0001:000AED82
   285 0001:000AED84   286 0001:000AED8A   287 0001:000AED96   288 0001:000AED9B
   289 0001:000AEDA0   290 0001:000AEDA9   296 0001:000AEDAC   297 0001:000AEDB1
   302 0001:000AEDB4   303 0001:000AEDB7   304 0001:000AEDBE   328 0001:000AEDC0
   329 0001:000AEE0F   331 0001:000AEE1D   332 0001:000AEE27   333 0001:000AEE34
   334 0001:000AEE3E   335 0001:000AEE4B   336 0001:000AEE56   337 0001:000AEE65
   339 0001:000AEE70   340 0001:000AEE78   342 0001:000AEE7D   343 0001:000AEE86
   344 0001:000AEE90   345 0001:000AEE97   346 0001:000AEEA2   348 0001:000AEEB0
   349 0001:000AEEBA   351 0001:000AEED1   352 0001:000AEEDC   354 0001:000AEEEB
   356 0001:000AEF02   357 0001:000AEF0B   358 0001:000AEF14   359 0001:000AEF1F
   361 0001:000AEF2E   363 0001:000AEF3C   364 0001:000AEF46   368 0001:000AEF52
   369 0001:000AEF59   370 0001:000AEF6C   371 0001:000AEF72   372 0001:000AEF78
   373 0001:000AEF7E   375 0001:000AEF8B   389 0001:000AEFC4   391 0001:000AEFFB
   392 0001:000AF002   394 0001:000AF016   395 0001:000AF021   396 0001:000AF028
   398 0001:000AF036   399 0001:000AF040   400 0001:000AF048   401 0001:000AF052
   406 0001:000AF056   408 0001:000AF066   411 0001:000AF081   412 0001:000AF08B
   413 0001:000AF093   414 0001:000AF099   416 0001:000AF0A4   417 0001:000AF0B1
   418 0001:000AF0C8   419 0001:000AF0D3   422 0001:000AF0DA   423 0001:000AF0EE
   426 0001:000AF0F1   427 0001:000AF0F2   429 0001:000AF102   431 0001:000AF11A
   432 0001:000AF11B   437 0001:000AF12A   442 0001:000AF137   443 0001:000AF144
   448 0001:000AF14E   449 0001:000AF16D   420 0001:000AF16E   453 0001:000AF180
   454 0001:000AF18C   455 0001:000AF197   456 0001:000AF1A1   464 0001:000AF1B3
   468 0001:000AF1C6   469 0001:000AF1EA   470 0001:000AF1F2   471 0001:000AF1F8
   472 0001:000AF205   473 0001:000AF287   474 0001:000AF290   473 0001:000AF2B6
   475 0001:000AF2B9   476 0001:000AF2D0   478 0001:000AF2DC   479 0001:000AF2E8
   481 0001:000AF30E   482 0001:000AF321   484 0001:000AF327   485 0001:000AF334
   488 0001:000AF33E   490 0001:000AF34B   465 0001:000AF35B   494 0001:000AF387
   497 0001:000AF38F   499 0001:000AF396   500 0001:000AF39F   501 0001:000AF3A9
   503 0001:000AF3AF   506 0001:000AF3B1   507 0001:000AF3BA   508 0001:000AF3C4
   511 0001:000AF3C6   516 0001:000AF3F0   517 0001:000AF3FA   520 0001:000AF3FC
   522 0001:000AF409   523 0001:000AF40F   526 0001:000AF429   527 0001:000AF432
   528 0001:000AF440   529 0001:000AF44B   530 0001:000AF457   533 0001:000AF478
   534 0001:000AF481   535 0001:000AF48A   536 0001:000AF493   539 0001:000AF4B1
   540 0001:000AF4B9   541 0001:000AF4C3   542 0001:000AF4CB   545 0001:000AF4E8
   546 0001:000AF4F2   547 0001:000AF504   550 0001:000AF522   551 0001:000AF526
   555 0001:000AF536   556 0001:000AF53A   560 0001:000AF54A   561 0001:000AF54E
   565 0001:000AF55E   566 0001:000AF562   569 0001:000AF570   570 0001:000AF577
   571 0001:000AF581   573 0001:000AF5C6   578 0001:000AF600   579 0001:000AF606
   580 0001:000AF614   582 0001:000AF63C   583 0001:000AF64C   585 0001:000AF65F
   590 0001:000AF664   591 0001:000AF688   592 0001:000AF696   593 0001:000AF6A4
   594 0001:000AF6AC   595 0001:000AF6B7   596 0001:000AF6BD   598 0001:000AF6D9
   599 0001:000AF6FB   602 0001:000AF704   603 0001:000AF70C   605 0001:000AF71D
   606 0001:000AF722   607 0001:000AF730   609 0001:000AF742   610 0001:000AF74E
   612 0001:000AF764   617 0001:000AF77A   618 0001:000AF786   620 0001:000AF7A8
   623 0001:000AF7C9   626 0001:000AF7DF   627 0001:000AF7F5   628 0001:000AF7FF
   629 0001:000AF81E   638 0001:000AF824   639 0001:000AF83B   640 0001:000AF840
   641 0001:000AF84B   642 0001:000AF857   644 0001:000AF85C   645 0001:000AF86B
   646 0001:000AF87A   647 0001:000AF883   648 0001:000AF88C   649 0001:000AF895
   650 0001:000AF89E   651 0001:000AF8A7   652 0001:000AF8B0   653 0001:000AF8B7
   654 0001:000AF8C0   656 0001:000AF8C7   657 0001:000AF8EB   662 0001:000AF8F0
   663 0001:000AF907   664 0001:000AF910   665 0001:000AF921   666 0001:000AF928
   667 0001:000AF939   668 0001:000AF940   670 0001:000AF952   671 0001:000AF95A
   672 0001:000AF95F   673 0001:000AF964   674 0001:000AF969   675 0001:000AF970
   676 0001:000AF974   677 0001:000AF991   682 0001:000AF998   683 0001:000AF9A2
   684 0001:000AF9BE   685 0001:000AF9C6   687 0001:000AF9D9   688 0001:000AF9EF
   693 0001:000AF9F4   694 0001:000AF9FA   696 0001:000AFA00   697 0001:000AFA07
   698 0001:000AFA0D   699 0001:000AFA1E   700 0001:000AFA26   702 0001:000AFA37
   724 0001:000AFA3C   725 0001:000AFA42   727 0001:000AFA49   728 0001:000AFA4D
   729 0001:000AFA52   731 0001:000AFA57   792 0001:000AFA5C   793 0001:000AFA6A
   794 0001:000AFA77   795 0001:000AFA83   796 0001:000AFA8E   797 0001:000AFA96
   798 0001:000AFA9E   799 0001:000AFAB5   832 0001:000AFAEC   832 0001:000AFAF3

Line numbers for doscpro(doscpro.pas) segment .text

    47 0001:000AFD7C    48 0001:000AFD94    49 0001:000AFDA2    51 0001:000AFDB6
    52 0001:000AFDCD    53 0001:000AFDE8    54 0001:000AFE01    56 0001:000AFE13
    58 0001:000AFE24    62 0001:000AFE3C    63 0001:000AFE66    66 0001:000AFE7C
    67 0001:000AFE82    68 0001:000AFE90    70 0001:000AFEB3    71 0001:000AFEBB
    74 0001:000AFED4    75 0001:000AFED7    77 0001:000AFEE3    80 0001:000AFEE8
    81 0001:000AFEEB    82 0001:000AFEF9    84 0001:000AFF08    85 0001:000AFF18
    89 0001:000AFF29    90 0001:000AFF39    93 0001:000AFF55    94 0001:000AFF5D
    97 0001:000AFF84    98 0001:000AFF9C    99 0001:000AFFAA   101 0001:000AFFBE
   102 0001:000AFFD9   103 0001:000AFFF0   104 0001:000B0004   106 0001:000B0016
   108 0001:000B0027   111 0001:000B003F   112 0001:000B0069   114 0001:000B00B4
   114 0001:000B00BB

Line numbers for Project1(C:\Program Files (x86)\Borland\Delphi7\Projects\dosc\Project1.dpr) segment .text

    10 0001:000B036C    11 0001:000B037C    12 0001:000B0388    13 0001:000B03A0
    14 0001:000B03AC

Bound resource files

C:\Program Files (x86)\EurekaLab\EurekaLog 6\Delphi7\DIALOG.RES
C:\Program Files (x86)\Borland\Delphi7\Lib\Buttons.res
C:\Program Files (x86)\Borland\Delphi7\Lib\ExtDlgs.res
C:\Program Files (x86)\Borland\Delphi7\Lib\Controls.res
doscpro.dfm
Project1.res
Project1.drf


Program entry point at 0001:000B036C
